Training multitask K=8 (y=0 years) learnable_q=True quality_router=monotone ensemble=released_code on cpu
  using frozen split from E:\Projects\20260522-retinal-imaging\data\rfmid\split.npz
  nested calibration from frozen val: cal=64 val=576
  train=1920 val=576 cal=64 test=640 (val positives=455 patients=1920)

[1/30]   3%|▎          [00:00<?]
Epoch [1/15]: [1/30]   3%|▎          [00:00<?]
Epoch [1/15]: [1/30]   3%|▎          [00:01<?]
Epoch [1/15]: [2/30]   7%|▋          [00:01<00:36]
Epoch [1/15]: [2/30]   7%|▋          [00:02<00:36]
Epoch [1/15]: [3/30]  10%|█          [00:02<00:34]
Epoch [1/15]: [3/30]  10%|█          [00:03<00:34]
Epoch [1/15]: [4/30]  13%|█▎         [00:03<00:33]
Epoch [1/15]: [4/30]  13%|█▎         [00:05<00:33]
Epoch [1/15]: [5/30]  17%|█▋         [00:05<00:32]
Epoch [1/15]: [5/30]  17%|█▋         [00:06<00:32]
Epoch [1/15]: [6/30]  20%|██         [00:06<00:31]
Epoch [1/15]: [6/30]  20%|██         [00:07<00:31]
Epoch [1/15]: [7/30]  23%|██▎        [00:07<00:30]
Epoch [1/15]: [7/30]  23%|██▎        [00:09<00:30]
Epoch [1/15]: [8/30]  27%|██▋        [00:09<00:28]
Epoch [1/15]: [8/30]  27%|██▋        [00:10<00:28]
Epoch [1/15]: [9/30]  30%|███        [00:10<00:27]
Epoch [1/15]: [9/30]  30%|███        [00:11<00:27]
Epoch [1/15]: [10/30]  33%|███▎       [00:11<00:26]
Epoch [1/15]: [10/30]  33%|███▎       [00:13<00:26]
Epoch [1/15]: [11/30]  37%|███▋       [00:13<00:25]
Epoch [1/15]: [11/30]  37%|███▋       [00:14<00:25]
Epoch [1/15]: [12/30]  40%|████       [00:14<00:23]
Epoch [1/15]: [12/30]  40%|████       [00:15<00:23]
Epoch [1/15]: [13/30]  43%|████▎      [00:15<00:22]
Epoch [1/15]: [13/30]  43%|████▎      [00:16<00:22]
Epoch [1/15]: [14/30]  47%|████▋      [00:16<00:20]
Epoch [1/15]: [14/30]  47%|████▋      [00:18<00:20]
Epoch [1/15]: [15/30]  50%|█████      [00:18<00:19]
Epoch [1/15]: [15/30]  50%|█████      [00:19<00:19]
Epoch [1/15]: [16/30]  53%|█████▎     [00:19<00:18]
Epoch [1/15]: [16/30]  53%|█████▎     [00:20<00:18]
Epoch [1/15]: [17/30]  57%|█████▋     [00:20<00:16]
Epoch [1/15]: [17/30]  57%|█████▋     [00:22<00:16]
Epoch [1/15]: [18/30]  60%|██████     [00:22<00:15]
Epoch [1/15]: [18/30]  60%|██████     [00:23<00:15]
Epoch [1/15]: [19/30]  63%|██████▎    [00:23<00:14]
Epoch [1/15]: [19/30]  63%|██████▎    [00:24<00:14]
Epoch [1/15]: [20/30]  67%|██████▋    [00:24<00:12]
Epoch [1/15]: [20/30]  67%|██████▋    [00:26<00:12]
Epoch [1/15]: [21/30]  70%|███████    [00:26<00:11]
Epoch [1/15]: [21/30]  70%|███████    [00:27<00:11]
Epoch [1/15]: [22/30]  73%|███████▎   [00:27<00:10]
Epoch [1/15]: [22/30]  73%|███████▎   [00:28<00:10]
Epoch [1/15]: [23/30]  77%|███████▋   [00:28<00:09]
Epoch [1/15]: [23/30]  77%|███████▋   [00:30<00:09]
Epoch [1/15]: [24/30]  80%|████████   [00:30<00:07]
Epoch [1/15]: [24/30]  80%|████████   [00:31<00:07]
Epoch [1/15]: [25/30]  83%|████████▎  [00:31<00:06]
Epoch [1/15]: [25/30]  83%|████████▎  [00:32<00:06]
Epoch [1/15]: [26/30]  87%|████████▋  [00:32<00:05]
Epoch [1/15]: [26/30]  87%|████████▋  [00:33<00:05]
Epoch [1/15]: [27/30]  90%|█████████  [00:33<00:03]
Epoch [1/15]: [27/30]  90%|█████████  [00:35<00:03]
Epoch [1/15]: [28/30]  93%|█████████▎ [00:35<00:02]
Epoch [1/15]: [28/30]  93%|█████████▎ [00:36<00:02]
Epoch [1/15]: [29/30]  97%|█████████▋ [00:36<00:01]
Epoch [1/15]: [29/30]  97%|█████████▋ [00:37<00:01]
Epoch [1/15]: [30/30] 100%|██████████ [00:37<00:00]
                                                   

[1/9]  11%|█          [00:00<?]
Iteration: [1/9]  11%|█          [00:00<?]
Iteration: [1/9]  11%|█          [00:00<?]
Iteration: [2/9]  22%|██▏        [00:00<00:02]
Iteration: [2/9]  22%|██▏        [00:00<00:02]
Iteration: [3/9]  33%|███▎       [00:00<00:02]
Iteration: [3/9]  33%|███▎       [00:01<00:02]
Iteration: [4/9]  44%|████▍      [00:01<00:01]
Iteration: [4/9]  44%|████▍      [00:01<00:01]
Iteration: [5/9]  56%|█████▌     [00:01<00:01]
Iteration: [5/9]  56%|█████▌     [00:01<00:01]
Iteration: [6/9]  67%|██████▋    [00:01<00:01]
Iteration: [6/9]  67%|██████▋    [00:02<00:01]
Iteration: [7/9]  78%|███████▊   [00:02<00:00]
Iteration: [7/9]  78%|███████▊   [00:02<00:00]
Iteration: [8/9]  89%|████████▉  [00:02<00:00]
Iteration: [8/9]  89%|████████▉  [00:02<00:00]
Iteration: [9/9] 100%|██████████ [00:02<00:00]
                                              

[1/30]   3%|▎          [00:00<?]
Epoch [2/15]: [1/30]   3%|▎          [00:00<?]
Epoch [2/15]: [1/30]   3%|▎          [00:01<?]
Epoch [2/15]: [2/30]   7%|▋          [00:01<00:36]
Epoch [2/15]: [2/30]   7%|▋          [00:02<00:36]
Epoch [2/15]: [3/30]  10%|█          [00:02<00:35]
Epoch [2/15]: [3/30]  10%|█          [00:03<00:35]
Epoch [2/15]: [4/30]  13%|█▎         [00:03<00:33]
Epoch [2/15]: [4/30]  13%|█▎         [00:05<00:33]
Epoch [2/15]: [5/30]  17%|█▋         [00:05<00:32]
Epoch [2/15]: [5/30]  17%|█▋         [00:06<00:32]
Epoch [2/15]: [6/30]  20%|██         [00:06<00:31]
Epoch [2/15]: [6/30]  20%|██         [00:07<00:31]
Epoch [2/15]: [7/30]  23%|██▎        [00:07<00:30]
Epoch [2/15]: [7/30]  23%|██▎        [00:09<00:30]
Epoch [2/15]: [8/30]  27%|██▋        [00:09<00:29]
Epoch [2/15]: [8/30]  27%|██▋        [00:10<00:29]
Epoch [2/15]: [9/30]  30%|███        [00:10<00:27]
Epoch [2/15]: [9/30]  30%|███        [00:11<00:27]
Epoch [2/15]: [10/30]  33%|███▎       [00:11<00:26]
Epoch [2/15]: [10/30]  33%|███▎       [00:13<00:26]
Epoch [2/15]: [11/30]  37%|███▋       [00:13<00:24]
Epoch [2/15]: [11/30]  37%|███▋       [00:14<00:24]
Epoch [2/15]: [12/30]  40%|████       [00:14<00:23]
Epoch [2/15]: [12/30]  40%|████       [00:15<00:23]
Epoch [2/15]: [13/30]  43%|████▎      [00:15<00:22]
Epoch [2/15]: [13/30]  43%|████▎      [00:17<00:22]
Epoch [2/15]: [14/30]  47%|████▋      [00:17<00:21]
Epoch [2/15]: [14/30]  47%|████▋      [00:18<00:21]
Epoch [2/15]: [15/30]  50%|█████      [00:18<00:19]
Epoch [2/15]: [15/30]  50%|█████      [00:19<00:19]
Epoch [2/15]: [16/30]  53%|█████▎     [00:19<00:18]
Epoch [2/15]: [16/30]  53%|█████▎     [00:21<00:18]
Epoch [2/15]: [17/30]  57%|█████▋     [00:21<00:17]
Epoch [2/15]: [17/30]  57%|█████▋     [00:22<00:17]
Epoch [2/15]: [18/30]  60%|██████     [00:22<00:15]
Epoch [2/15]: [18/30]  60%|██████     [00:23<00:15]
Epoch [2/15]: [19/30]  63%|██████▎    [00:23<00:14]
Epoch [2/15]: [19/30]  63%|██████▎    [00:24<00:14]
Epoch [2/15]: [20/30]  67%|██████▋    [00:24<00:13]
Epoch [2/15]: [20/30]  67%|██████▋    [00:26<00:13]
Epoch [2/15]: [21/30]  70%|███████    [00:26<00:11]
Epoch [2/15]: [21/30]  70%|███████    [00:27<00:11]
Epoch [2/15]: [22/30]  73%|███████▎   [00:27<00:10]
Epoch [2/15]: [22/30]  73%|███████▎   [00:28<00:10]
Epoch [2/15]: [23/30]  77%|███████▋   [00:28<00:09]
Epoch [2/15]: [23/30]  77%|███████▋   [00:30<00:09]
Epoch [2/15]: [24/30]  80%|████████   [00:30<00:07]
Epoch [2/15]: [24/30]  80%|████████   [00:31<00:07]
Epoch [2/15]: [25/30]  83%|████████▎  [00:31<00:06]
Epoch [2/15]: [25/30]  83%|████████▎  [00:32<00:06]
Epoch [2/15]: [26/30]  87%|████████▋  [00:32<00:05]
Epoch [2/15]: [26/30]  87%|████████▋  [00:34<00:05]
Epoch [2/15]: [27/30]  90%|█████████  [00:34<00:04]
Epoch [2/15]: [27/30]  90%|█████████  [00:35<00:04]
Epoch [2/15]: [28/30]  93%|█████████▎ [00:35<00:02]
Epoch [2/15]: [28/30]  93%|█████████▎ [00:37<00:02]
Epoch [2/15]: [29/30]  97%|█████████▋ [00:37<00:01]
Epoch [2/15]: [29/30]  97%|█████████▋ [00:38<00:01]
Epoch [2/15]: [30/30] 100%|██████████ [00:38<00:00]
                                                   

[1/9]  11%|█          [00:00<?]
Iteration: [1/9]  11%|█          [00:00<?]
Iteration: [1/9]  11%|█          [00:00<?]
Iteration: [2/9]  22%|██▏        [00:00<00:02]
Iteration: [2/9]  22%|██▏        [00:00<00:02]
Iteration: [3/9]  33%|███▎       [00:00<00:02]
Iteration: [3/9]  33%|███▎       [00:01<00:02]
Iteration: [4/9]  44%|████▍      [00:01<00:02]
Iteration: [4/9]  44%|████▍      [00:01<00:02]
Iteration: [5/9]  56%|█████▌     [00:01<00:01]
Iteration: [5/9]  56%|█████▌     [00:01<00:01]
Iteration: [6/9]  67%|██████▋    [00:01<00:01]
Iteration: [6/9]  67%|██████▋    [00:02<00:01]
Iteration: [7/9]  78%|███████▊   [00:02<00:00]
Iteration: [7/9]  78%|███████▊   [00:02<00:00]
Iteration: [8/9]  89%|████████▉  [00:02<00:00]
Iteration: [8/9]  89%|████████▉  [00:03<00:00]
Iteration: [9/9] 100%|██████████ [00:03<00:00]
                                              

[1/30]   3%|▎          [00:00<?]
Epoch [3/15]: [1/30]   3%|▎          [00:00<?]
Epoch [3/15]: [1/30]   3%|▎          [00:01<?]
Epoch [3/15]: [2/30]   7%|▋          [00:01<00:36]
Epoch [3/15]: [2/30]   7%|▋          [00:02<00:36]
Epoch [3/15]: [3/30]  10%|█          [00:02<00:35]
Epoch [3/15]: [3/30]  10%|█          [00:03<00:35]
Epoch [3/15]: [4/30]  13%|█▎         [00:03<00:33]
Epoch [3/15]: [4/30]  13%|█▎         [00:05<00:33]
Epoch [3/15]: [5/30]  17%|█▋         [00:05<00:32]
Epoch [3/15]: [5/30]  17%|█▋         [00:06<00:32]
Epoch [3/15]: [6/30]  20%|██         [00:06<00:31]
Epoch [3/15]: [6/30]  20%|██         [00:07<00:31]
Epoch [3/15]: [7/30]  23%|██▎        [00:07<00:30]
Epoch [3/15]: [7/30]  23%|██▎        [00:09<00:30]
Epoch [3/15]: [8/30]  27%|██▋        [00:09<00:28]
Epoch [3/15]: [8/30]  27%|██▋        [00:10<00:28]
Epoch [3/15]: [9/30]  30%|███        [00:10<00:27]
Epoch [3/15]: [9/30]  30%|███        [00:11<00:27]
Epoch [3/15]: [10/30]  33%|███▎       [00:11<00:26]
Epoch [3/15]: [10/30]  33%|███▎       [00:13<00:26]
Epoch [3/15]: [11/30]  37%|███▋       [00:13<00:25]
Epoch [3/15]: [11/30]  37%|███▋       [00:14<00:25]
Epoch [3/15]: [12/30]  40%|████       [00:14<00:23]
Epoch [3/15]: [12/30]  40%|████       [00:15<00:23]
Epoch [3/15]: [13/30]  43%|████▎      [00:15<00:22]
Epoch [3/15]: [13/30]  43%|████▎      [00:17<00:22]
Epoch [3/15]: [14/30]  47%|████▋      [00:17<00:21]
Epoch [3/15]: [14/30]  47%|████▋      [00:18<00:21]
Epoch [3/15]: [15/30]  50%|█████      [00:18<00:20]
Epoch [3/15]: [15/30]  50%|█████      [00:19<00:20]
Epoch [3/15]: [16/30]  53%|█████▎     [00:19<00:18]
Epoch [3/15]: [16/30]  53%|█████▎     [00:21<00:18]
Epoch [3/15]: [17/30]  57%|█████▋     [00:21<00:17]
Epoch [3/15]: [17/30]  57%|█████▋     [00:22<00:17]
Epoch [3/15]: [18/30]  60%|██████     [00:22<00:15]
Epoch [3/15]: [18/30]  60%|██████     [00:23<00:15]
Epoch [3/15]: [19/30]  63%|██████▎    [00:23<00:14]
Epoch [3/15]: [19/30]  63%|██████▎    [00:24<00:14]
Epoch [3/15]: [20/30]  67%|██████▋    [00:24<00:12]
Epoch [3/15]: [20/30]  67%|██████▋    [00:26<00:12]
Epoch [3/15]: [21/30]  70%|███████    [00:26<00:11]
Epoch [3/15]: [21/30]  70%|███████    [00:27<00:11]
Epoch [3/15]: [22/30]  73%|███████▎   [00:27<00:10]
Epoch [3/15]: [22/30]  73%|███████▎   [00:28<00:10]
Epoch [3/15]: [23/30]  77%|███████▋   [00:28<00:09]
Epoch [3/15]: [23/30]  77%|███████▋   [00:30<00:09]
Epoch [3/15]: [24/30]  80%|████████   [00:30<00:07]
Epoch [3/15]: [24/30]  80%|████████   [00:31<00:07]
Epoch [3/15]: [25/30]  83%|████████▎  [00:31<00:06]
Epoch [3/15]: [25/30]  83%|████████▎  [00:32<00:06]
Epoch [3/15]: [26/30]  87%|████████▋  [00:32<00:05]
Epoch [3/15]: [26/30]  87%|████████▋  [00:34<00:05]
Epoch [3/15]: [27/30]  90%|█████████  [00:34<00:03]
Epoch [3/15]: [27/30]  90%|█████████  [00:35<00:03]
Epoch [3/15]: [28/30]  93%|█████████▎ [00:35<00:02]
Epoch [3/15]: [28/30]  93%|█████████▎ [00:36<00:02]
Epoch [3/15]: [29/30]  97%|█████████▋ [00:36<00:01]
Epoch [3/15]: [29/30]  97%|█████████▋ [00:37<00:01]
Epoch [3/15]: [30/30] 100%|██████████ [00:37<00:00]
                                                   

[1/9]  11%|█          [00:00<?]
Iteration: [1/9]  11%|█          [00:00<?]
Iteration: [1/9]  11%|█          [00:00<?]
Iteration: [2/9]  22%|██▏        [00:00<00:02]
Iteration: [2/9]  22%|██▏        [00:00<00:02]
Iteration: [3/9]  33%|███▎       [00:00<00:02]
Iteration: [3/9]  33%|███▎       [00:01<00:02]
Iteration: [4/9]  44%|████▍      [00:01<00:01]
Iteration: [4/9]  44%|████▍      [00:01<00:01]
Iteration: [5/9]  56%|█████▌     [00:01<00:01]
Iteration: [5/9]  56%|█████▌     [00:01<00:01]
Iteration: [6/9]  67%|██████▋    [00:01<00:01]
Iteration: [6/9]  67%|██████▋    [00:02<00:01]
Iteration: [7/9]  78%|███████▊   [00:02<00:00]
Iteration: [7/9]  78%|███████▊   [00:02<00:00]
Iteration: [8/9]  89%|████████▉  [00:02<00:00]
Iteration: [8/9]  89%|████████▉  [00:02<00:00]
Iteration: [9/9] 100%|██████████ [00:02<00:00]
                                              

[1/30]   3%|▎          [00:00<?]
Epoch [4/15]: [1/30]   3%|▎          [00:00<?]
Epoch [4/15]: [1/30]   3%|▎          [00:01<?]
Epoch [4/15]: [2/30]   7%|▋          [00:01<00:36]
Epoch [4/15]: [2/30]   7%|▋          [00:02<00:36]
Epoch [4/15]: [3/30]  10%|█          [00:02<00:36]
Epoch [4/15]: [3/30]  10%|█          [00:04<00:36]
Epoch [4/15]: [4/30]  13%|█▎         [00:04<00:34]
Epoch [4/15]: [4/30]  13%|█▎         [00:05<00:34]
Epoch [4/15]: [5/30]  17%|█▋         [00:05<00:33]
Epoch [4/15]: [5/30]  17%|█▋         [00:06<00:33]
Epoch [4/15]: [6/30]  20%|██         [00:06<00:31]
Epoch [4/15]: [6/30]  20%|██         [00:07<00:31]
Epoch [4/15]: [7/30]  23%|██▎        [00:07<00:29]
Epoch [4/15]: [7/30]  23%|██▎        [00:09<00:29]
Epoch [4/15]: [8/30]  27%|██▋        [00:09<00:28]
Epoch [4/15]: [8/30]  27%|██▋        [00:10<00:28]
Epoch [4/15]: [9/30]  30%|███        [00:10<00:26]
Epoch [4/15]: [9/30]  30%|███        [00:11<00:26]
Epoch [4/15]: [10/30]  33%|███▎       [00:11<00:25]
Epoch [4/15]: [10/30]  33%|███▎       [00:13<00:25]
Epoch [4/15]: [11/30]  37%|███▋       [00:13<00:24]
Epoch [4/15]: [11/30]  37%|███▋       [00:14<00:24]
Epoch [4/15]: [12/30]  40%|████       [00:14<00:23]
Epoch [4/15]: [12/30]  40%|████       [00:15<00:23]
Epoch [4/15]: [13/30]  43%|████▎      [00:15<00:21]
Epoch [4/15]: [13/30]  43%|████▎      [00:16<00:21]
Epoch [4/15]: [14/30]  47%|████▋      [00:16<00:20]
Epoch [4/15]: [14/30]  47%|████▋      [00:18<00:20]
Epoch [4/15]: [15/30]  50%|█████      [00:18<00:19]
Epoch [4/15]: [15/30]  50%|█████      [00:19<00:19]
Epoch [4/15]: [16/30]  53%|█████▎     [00:19<00:18]
Epoch [4/15]: [16/30]  53%|█████▎     [00:20<00:18]
Epoch [4/15]: [17/30]  57%|█████▋     [00:20<00:16]
Epoch [4/15]: [17/30]  57%|█████▋     [00:22<00:16]
Epoch [4/15]: [18/30]  60%|██████     [00:22<00:15]
Epoch [4/15]: [18/30]  60%|██████     [00:23<00:15]
Epoch [4/15]: [19/30]  63%|██████▎    [00:23<00:14]
Epoch [4/15]: [19/30]  63%|██████▎    [00:24<00:14]
Epoch [4/15]: [20/30]  67%|██████▋    [00:24<00:12]
Epoch [4/15]: [20/30]  67%|██████▋    [00:26<00:12]
Epoch [4/15]: [21/30]  70%|███████    [00:26<00:11]
Epoch [4/15]: [21/30]  70%|███████    [00:27<00:11]
Epoch [4/15]: [22/30]  73%|███████▎   [00:27<00:10]
Epoch [4/15]: [22/30]  73%|███████▎   [00:28<00:10]
Epoch [4/15]: [23/30]  77%|███████▋   [00:28<00:09]
Epoch [4/15]: [23/30]  77%|███████▋   [00:29<00:09]
Epoch [4/15]: [24/30]  80%|████████   [00:29<00:07]
Epoch [4/15]: [24/30]  80%|████████   [00:31<00:07]
Epoch [4/15]: [25/30]  83%|████████▎  [00:31<00:06]
Epoch [4/15]: [25/30]  83%|████████▎  [00:32<00:06]
Epoch [4/15]: [26/30]  87%|████████▋  [00:32<00:05]
Epoch [4/15]: [26/30]  87%|████████▋  [00:33<00:05]
Epoch [4/15]: [27/30]  90%|█████████  [00:33<00:03]
Epoch [4/15]: [27/30]  90%|█████████  [00:35<00:03]
Epoch [4/15]: [28/30]  93%|█████████▎ [00:35<00:02]
Epoch [4/15]: [28/30]  93%|█████████▎ [00:36<00:02]
Epoch [4/15]: [29/30]  97%|█████████▋ [00:36<00:01]
Epoch [4/15]: [29/30]  97%|█████████▋ [00:37<00:01]
Epoch [4/15]: [30/30] 100%|██████████ [00:37<00:00]
                                                   

[1/9]  11%|█          [00:00<?]
Iteration: [1/9]  11%|█          [00:00<?]
Iteration: [1/9]  11%|█          [00:00<?]
Iteration: [2/9]  22%|██▏        [00:00<00:02]
Iteration: [2/9]  22%|██▏        [00:00<00:02]
Iteration: [3/9]  33%|███▎       [00:00<00:02]
Iteration: [3/9]  33%|███▎       [00:01<00:02]
Iteration: [4/9]  44%|████▍      [00:01<00:01]
Iteration: [4/9]  44%|████▍      [00:01<00:01]
Iteration: [5/9]  56%|█████▌     [00:01<00:01]
Iteration: [5/9]  56%|█████▌     [00:01<00:01]
Iteration: [6/9]  67%|██████▋    [00:01<00:01]
Iteration: [6/9]  67%|██████▋    [00:02<00:01]
Iteration: [7/9]  78%|███████▊   [00:02<00:00]
Iteration: [7/9]  78%|███████▊   [00:02<00:00]
Iteration: [8/9]  89%|████████▉  [00:02<00:00]
Iteration: [8/9]  89%|████████▉  [00:02<00:00]
Iteration: [9/9] 100%|██████████ [00:02<00:00]
                                              

[1/30]   3%|▎          [00:00<?]
Epoch [5/15]: [1/30]   3%|▎          [00:00<?]
Epoch [5/15]: [1/30]   3%|▎          [00:01<?]
Epoch [5/15]: [2/30]   7%|▋          [00:01<00:36]
Epoch [5/15]: [2/30]   7%|▋          [00:02<00:36]
Epoch [5/15]: [3/30]  10%|█          [00:02<00:35]
Epoch [5/15]: [3/30]  10%|█          [00:03<00:35]
Epoch [5/15]: [4/30]  13%|█▎         [00:03<00:34]
Epoch [5/15]: [4/30]  13%|█▎         [00:05<00:34]
Epoch [5/15]: [5/30]  17%|█▋         [00:05<00:33]
Epoch [5/15]: [5/30]  17%|█▋         [00:06<00:33]
Epoch [5/15]: [6/30]  20%|██         [00:06<00:31]
Epoch [5/15]: [6/30]  20%|██         [00:07<00:31]
Epoch [5/15]: [7/30]  23%|██▎        [00:07<00:29]
Epoch [5/15]: [7/30]  23%|██▎        [00:09<00:29]
Epoch [5/15]: [8/30]  27%|██▋        [00:09<00:28]
Epoch [5/15]: [8/30]  27%|██▋        [00:10<00:28]
Epoch [5/15]: [9/30]  30%|███        [00:10<00:27]
Epoch [5/15]: [9/30]  30%|███        [00:11<00:27]
Epoch [5/15]: [10/30]  33%|███▎       [00:11<00:26]
Epoch [5/15]: [10/30]  33%|███▎       [00:13<00:26]
Epoch [5/15]: [11/30]  37%|███▋       [00:13<00:25]
Epoch [5/15]: [11/30]  37%|███▋       [00:14<00:25]
Epoch [5/15]: [12/30]  40%|████       [00:14<00:23]
Epoch [5/15]: [12/30]  40%|████       [00:15<00:23]
Epoch [5/15]: [13/30]  43%|████▎      [00:15<00:22]
Epoch [5/15]: [13/30]  43%|████▎      [00:16<00:22]
Epoch [5/15]: [14/30]  47%|████▋      [00:17<00:20]
Epoch [5/15]: [14/30]  47%|████▋      [00:18<00:20]
Epoch [5/15]: [15/30]  50%|█████      [00:18<00:19]
Epoch [5/15]: [15/30]  50%|█████      [00:19<00:19]
Epoch [5/15]: [16/30]  53%|█████▎     [00:19<00:18]
Epoch [5/15]: [16/30]  53%|█████▎     [00:20<00:18]
Epoch [5/15]: [17/30]  57%|█████▋     [00:20<00:16]
Epoch [5/15]: [17/30]  57%|█████▋     [00:22<00:16]
Epoch [5/15]: [18/30]  60%|██████     [00:22<00:15]
Epoch [5/15]: [18/30]  60%|██████     [00:23<00:15]
Epoch [5/15]: [19/30]  63%|██████▎    [00:23<00:14]
Epoch [5/15]: [19/30]  63%|██████▎    [00:24<00:14]
Epoch [5/15]: [20/30]  67%|██████▋    [00:24<00:12]
Epoch [5/15]: [20/30]  67%|██████▋    [00:26<00:12]
Epoch [5/15]: [21/30]  70%|███████    [00:26<00:11]
Epoch [5/15]: [21/30]  70%|███████    [00:27<00:11]
Epoch [5/15]: [22/30]  73%|███████▎   [00:27<00:10]
Epoch [5/15]: [22/30]  73%|███████▎   [00:28<00:10]
Epoch [5/15]: [23/30]  77%|███████▋   [00:28<00:09]
Epoch [5/15]: [23/30]  77%|███████▋   [00:30<00:09]
Epoch [5/15]: [24/30]  80%|████████   [00:30<00:07]
Epoch [5/15]: [24/30]  80%|████████   [00:31<00:07]
Epoch [5/15]: [25/30]  83%|████████▎  [00:31<00:06]
Epoch [5/15]: [25/30]  83%|████████▎  [00:32<00:06]
Epoch [5/15]: [26/30]  87%|████████▋  [00:32<00:05]
Epoch [5/15]: [26/30]  87%|████████▋  [00:33<00:05]
Epoch [5/15]: [27/30]  90%|█████████  [00:33<00:03]
Epoch [5/15]: [27/30]  90%|█████████  [00:35<00:03]
Epoch [5/15]: [28/30]  93%|█████████▎ [00:35<00:02]
Epoch [5/15]: [28/30]  93%|█████████▎ [00:36<00:02]
Epoch [5/15]: [29/30]  97%|█████████▋ [00:36<00:01]
Epoch [5/15]: [29/30]  97%|█████████▋ [00:37<00:01]
Epoch [5/15]: [30/30] 100%|██████████ [00:37<00:00]
                                                   

[1/9]  11%|█          [00:00<?]
Iteration: [1/9]  11%|█          [00:00<?]
Iteration: [1/9]  11%|█          [00:00<?]
Iteration: [2/9]  22%|██▏        [00:00<00:02]
Iteration: [2/9]  22%|██▏        [00:00<00:02]
Iteration: [3/9]  33%|███▎       [00:00<00:02]
Iteration: [3/9]  33%|███▎       [00:01<00:02]
Iteration: [4/9]  44%|████▍      [00:01<00:01]
Iteration: [4/9]  44%|████▍      [00:01<00:01]
Iteration: [5/9]  56%|█████▌     [00:01<00:01]
Iteration: [5/9]  56%|█████▌     [00:01<00:01]
Iteration: [6/9]  67%|██████▋    [00:01<00:01]
Iteration: [6/9]  67%|██████▋    [00:02<00:01]
Iteration: [7/9]  78%|███████▊   [00:02<00:00]
Iteration: [7/9]  78%|███████▊   [00:02<00:00]
Iteration: [8/9]  89%|████████▉  [00:02<00:00]
Iteration: [8/9]  89%|████████▉  [00:02<00:00]
Iteration: [9/9] 100%|██████████ [00:02<00:00]
                                              

[1/30]   3%|▎          [00:00<?]
Epoch [6/15]: [1/30]   3%|▎          [00:00<?]
Epoch [6/15]: [1/30]   3%|▎          [00:01<?]
Epoch [6/15]: [2/30]   7%|▋          [00:01<00:37]
Epoch [6/15]: [2/30]   7%|▋          [00:02<00:37]
Epoch [6/15]: [3/30]  10%|█          [00:02<00:35]
Epoch [6/15]: [3/30]  10%|█          [00:03<00:35]
Epoch [6/15]: [4/30]  13%|█▎         [00:03<00:34]
Epoch [6/15]: [4/30]  13%|█▎         [00:05<00:34]
Epoch [6/15]: [5/30]  17%|█▋         [00:05<00:33]
Epoch [6/15]: [5/30]  17%|█▋         [00:06<00:33]
Epoch [6/15]: [6/30]  20%|██         [00:06<00:31]
Epoch [6/15]: [6/30]  20%|██         [00:07<00:31]
Epoch [6/15]: [7/30]  23%|██▎        [00:07<00:30]
Epoch [6/15]: [7/30]  23%|██▎        [00:09<00:30]
Epoch [6/15]: [8/30]  27%|██▋        [00:09<00:28]
Epoch [6/15]: [8/30]  27%|██▋        [00:10<00:28]
Epoch [6/15]: [9/30]  30%|███        [00:10<00:27]
Epoch [6/15]: [9/30]  30%|███        [00:11<00:27]
Epoch [6/15]: [10/30]  33%|███▎       [00:11<00:26]
Epoch [6/15]: [10/30]  33%|███▎       [00:13<00:26]
Epoch [6/15]: [11/30]  37%|███▋       [00:13<00:24]
Epoch [6/15]: [11/30]  37%|███▋       [00:14<00:24]
Epoch [6/15]: [12/30]  40%|████       [00:14<00:23]
Epoch [6/15]: [12/30]  40%|████       [00:15<00:23]
Epoch [6/15]: [13/30]  43%|████▎      [00:15<00:22]
Epoch [6/15]: [13/30]  43%|████▎      [00:17<00:22]
Epoch [6/15]: [14/30]  47%|████▋      [00:17<00:21]
Epoch [6/15]: [14/30]  47%|████▋      [00:18<00:21]
Epoch [6/15]: [15/30]  50%|█████      [00:18<00:19]
Epoch [6/15]: [15/30]  50%|█████      [00:19<00:19]
Epoch [6/15]: [16/30]  53%|█████▎     [00:19<00:18]
Epoch [6/15]: [16/30]  53%|█████▎     [00:21<00:18]
Epoch [6/15]: [17/30]  57%|█████▋     [00:21<00:17]
Epoch [6/15]: [17/30]  57%|█████▋     [00:22<00:17]
Epoch [6/15]: [18/30]  60%|██████     [00:22<00:15]
Epoch [6/15]: [18/30]  60%|██████     [00:23<00:15]
Epoch [6/15]: [19/30]  63%|██████▎    [00:23<00:14]
Epoch [6/15]: [19/30]  63%|██████▎    [00:24<00:14]
Epoch [6/15]: [20/30]  67%|██████▋    [00:24<00:13]
Epoch [6/15]: [20/30]  67%|██████▋    [00:26<00:13]
Epoch [6/15]: [21/30]  70%|███████    [00:26<00:11]
Epoch [6/15]: [21/30]  70%|███████    [00:27<00:11]
Epoch [6/15]: [22/30]  73%|███████▎   [00:27<00:10]
Epoch [6/15]: [22/30]  73%|███████▎   [00:28<00:10]
Epoch [6/15]: [23/30]  77%|███████▋   [00:28<00:09]
Epoch [6/15]: [23/30]  77%|███████▋   [00:30<00:09]
Epoch [6/15]: [24/30]  80%|████████   [00:30<00:07]
Epoch [6/15]: [24/30]  80%|████████   [00:31<00:07]
Epoch [6/15]: [25/30]  83%|████████▎  [00:31<00:06]
Epoch [6/15]: [25/30]  83%|████████▎  [00:32<00:06]
Epoch [6/15]: [26/30]  87%|████████▋  [00:32<00:05]
Epoch [6/15]: [26/30]  87%|████████▋  [00:34<00:05]
Epoch [6/15]: [27/30]  90%|█████████  [00:34<00:03]
Epoch [6/15]: [27/30]  90%|█████████  [00:35<00:03]
Epoch [6/15]: [28/30]  93%|█████████▎ [00:35<00:02]
Epoch [6/15]: [28/30]  93%|█████████▎ [00:36<00:02]
Epoch [6/15]: [29/30]  97%|█████████▋ [00:36<00:01]
Epoch [6/15]: [29/30]  97%|█████████▋ [00:37<00:01]
Epoch [6/15]: [30/30] 100%|██████████ [00:37<00:00]
                                                   

[1/9]  11%|█          [00:00<?]
Iteration: [1/9]  11%|█          [00:00<?]
Iteration: [1/9]  11%|█          [00:00<?]
Iteration: [2/9]  22%|██▏        [00:00<00:02]
Iteration: [2/9]  22%|██▏        [00:00<00:02]
Iteration: [3/9]  33%|███▎       [00:00<00:02]
Iteration: [3/9]  33%|███▎       [00:01<00:02]
Iteration: [4/9]  44%|████▍      [00:01<00:01]
Iteration: [4/9]  44%|████▍      [00:01<00:01]
Iteration: [5/9]  56%|█████▌     [00:01<00:01]
Iteration: [5/9]  56%|█████▌     [00:01<00:01]
Iteration: [6/9]  67%|██████▋    [00:01<00:01]
Iteration: [6/9]  67%|██████▋    [00:02<00:01]
Iteration: [7/9]  78%|███████▊   [00:02<00:00]
Iteration: [7/9]  78%|███████▊   [00:02<00:00]
Iteration: [8/9]  89%|████████▉  [00:02<00:00]
Iteration: [8/9]  89%|████████▉  [00:02<00:00]
Iteration: [9/9] 100%|██████████ [00:02<00:00]
                                              

[1/30]   3%|▎          [00:00<?]
Epoch [7/15]: [1/30]   3%|▎          [00:00<?]
Epoch [7/15]: [1/30]   3%|▎          [00:01<?]
Epoch [7/15]: [2/30]   7%|▋          [00:01<00:36]
Epoch [7/15]: [2/30]   7%|▋          [00:02<00:36]
Epoch [7/15]: [3/30]  10%|█          [00:02<00:34]
Epoch [7/15]: [3/30]  10%|█          [00:03<00:34]
Epoch [7/15]: [4/30]  13%|█▎         [00:03<00:32]
Epoch [7/15]: [4/30]  13%|█▎         [00:05<00:32]
Epoch [7/15]: [5/30]  17%|█▋         [00:05<00:31]
Epoch [7/15]: [5/30]  17%|█▋         [00:06<00:31]
Epoch [7/15]: [6/30]  20%|██         [00:06<00:30]
Epoch [7/15]: [6/30]  20%|██         [00:07<00:30]
Epoch [7/15]: [7/30]  23%|██▎        [00:07<00:29]
Epoch [7/15]: [7/30]  23%|██▎        [00:08<00:29]
Epoch [7/15]: [8/30]  27%|██▋        [00:08<00:28]
Epoch [7/15]: [8/30]  27%|██▋        [00:10<00:28]
Epoch [7/15]: [9/30]  30%|███        [00:10<00:26]
Epoch [7/15]: [9/30]  30%|███        [00:11<00:26]
Epoch [7/15]: [10/30]  33%|███▎       [00:11<00:26]
Epoch [7/15]: [10/30]  33%|███▎       [00:12<00:26]
Epoch [7/15]: [11/30]  37%|███▋       [00:12<00:24]
Epoch [7/15]: [11/30]  37%|███▋       [00:14<00:24]
Epoch [7/15]: [12/30]  40%|████       [00:14<00:23]
Epoch [7/15]: [12/30]  40%|████       [00:15<00:23]
Epoch [7/15]: [13/30]  43%|████▎      [00:15<00:22]
Epoch [7/15]: [13/30]  43%|████▎      [00:16<00:22]
Epoch [7/15]: [14/30]  47%|████▋      [00:16<00:20]
Epoch [7/15]: [14/30]  47%|████▋      [00:18<00:20]
Epoch [7/15]: [15/30]  50%|█████      [00:18<00:19]
Epoch [7/15]: [15/30]  50%|█████      [00:19<00:19]
Epoch [7/15]: [16/30]  53%|█████▎     [00:19<00:18]
Epoch [7/15]: [16/30]  53%|█████▎     [00:20<00:18]
Epoch [7/15]: [17/30]  57%|█████▋     [00:20<00:17]
Epoch [7/15]: [17/30]  57%|█████▋     [00:22<00:17]
Epoch [7/15]: [18/30]  60%|██████     [00:22<00:15]
Epoch [7/15]: [18/30]  60%|██████     [00:23<00:15]
Epoch [7/15]: [19/30]  63%|██████▎    [00:23<00:14]
Epoch [7/15]: [19/30]  63%|██████▎    [00:24<00:14]
Epoch [7/15]: [20/30]  67%|██████▋    [00:24<00:12]
Epoch [7/15]: [20/30]  67%|██████▋    [00:26<00:12]
Epoch [7/15]: [21/30]  70%|███████    [00:26<00:11]
Epoch [7/15]: [21/30]  70%|███████    [00:27<00:11]
Epoch [7/15]: [22/30]  73%|███████▎   [00:27<00:10]
Epoch [7/15]: [22/30]  73%|███████▎   [00:28<00:10]
Epoch [7/15]: [23/30]  77%|███████▋   [00:28<00:09]
Epoch [7/15]: [23/30]  77%|███████▋   [00:29<00:09]
Epoch [7/15]: [24/30]  80%|████████   [00:29<00:07]
Epoch [7/15]: [24/30]  80%|████████   [00:31<00:07]
Epoch [7/15]: [25/30]  83%|████████▎  [00:31<00:06]
Epoch [7/15]: [25/30]  83%|████████▎  [00:32<00:06]
Epoch [7/15]: [26/30]  87%|████████▋  [00:32<00:05]
Epoch [7/15]: [26/30]  87%|████████▋  [00:33<00:05]
Epoch [7/15]: [27/30]  90%|█████████  [00:33<00:03]
Epoch [7/15]: [27/30]  90%|█████████  [00:35<00:03]
Epoch [7/15]: [28/30]  93%|█████████▎ [00:35<00:02]
Epoch [7/15]: [28/30]  93%|█████████▎ [00:36<00:02]
Epoch [7/15]: [29/30]  97%|█████████▋ [00:36<00:01]
Epoch [7/15]: [29/30]  97%|█████████▋ [00:37<00:01]
Epoch [7/15]: [30/30] 100%|██████████ [00:37<00:00]
                                                   

[1/9]  11%|█          [00:00<?]
Iteration: [1/9]  11%|█          [00:00<?]
Iteration: [1/9]  11%|█          [00:00<?]
Iteration: [2/9]  22%|██▏        [00:00<00:02]
Iteration: [2/9]  22%|██▏        [00:00<00:02]
Iteration: [3/9]  33%|███▎       [00:00<00:02]
Iteration: [3/9]  33%|███▎       [00:01<00:02]
Iteration: [4/9]  44%|████▍      [00:01<00:01]
Iteration: [4/9]  44%|████▍      [00:01<00:01]
Iteration: [5/9]  56%|█████▌     [00:01<00:01]
Iteration: [5/9]  56%|█████▌     [00:01<00:01]
Iteration: [6/9]  67%|██████▋    [00:01<00:01]
Iteration: [6/9]  67%|██████▋    [00:02<00:01]
Iteration: [7/9]  78%|███████▊   [00:02<00:00]
Iteration: [7/9]  78%|███████▊   [00:02<00:00]
Iteration: [8/9]  89%|████████▉  [00:02<00:00]
Iteration: [8/9]  89%|████████▉  [00:02<00:00]
Iteration: [9/9] 100%|██████████ [00:02<00:00]
                                              

[1/30]   3%|▎          [00:00<?]
Epoch [8/15]: [1/30]   3%|▎          [00:00<?]
Epoch [8/15]: [1/30]   3%|▎          [00:01<?]
Epoch [8/15]: [2/30]   7%|▋          [00:01<00:36]
Epoch [8/15]: [2/30]   7%|▋          [00:02<00:36]
Epoch [8/15]: [3/30]  10%|█          [00:02<00:35]
Epoch [8/15]: [3/30]  10%|█          [00:03<00:35]
Epoch [8/15]: [4/30]  13%|█▎         [00:03<00:33]
Epoch [8/15]: [4/30]  13%|█▎         [00:05<00:33]
Epoch [8/15]: [5/30]  17%|█▋         [00:05<00:32]
Epoch [8/15]: [5/30]  17%|█▋         [00:06<00:32]
Epoch [8/15]: [6/30]  20%|██         [00:06<00:31]
Epoch [8/15]: [6/30]  20%|██         [00:07<00:31]
Epoch [8/15]: [7/30]  23%|██▎        [00:07<00:30]
Epoch [8/15]: [7/30]  23%|██▎        [00:09<00:30]
Epoch [8/15]: [8/30]  27%|██▋        [00:09<00:29]
Epoch [8/15]: [8/30]  27%|██▋        [00:10<00:29]
Epoch [8/15]: [9/30]  30%|███        [00:10<00:27]
Epoch [8/15]: [9/30]  30%|███        [00:11<00:27]
Epoch [8/15]: [10/30]  33%|███▎       [00:11<00:25]
Epoch [8/15]: [10/30]  33%|███▎       [00:13<00:25]
Epoch [8/15]: [11/30]  37%|███▋       [00:13<00:24]
Epoch [8/15]: [11/30]  37%|███▋       [00:14<00:24]
Epoch [8/15]: [12/30]  40%|████       [00:14<00:23]
Epoch [8/15]: [12/30]  40%|████       [00:15<00:23]
Epoch [8/15]: [13/30]  43%|████▎      [00:15<00:22]
Epoch [8/15]: [13/30]  43%|████▎      [00:16<00:22]
Epoch [8/15]: [14/30]  47%|████▋      [00:16<00:20]
Epoch [8/15]: [14/30]  47%|████▋      [00:18<00:20]
Epoch [8/15]: [15/30]  50%|█████      [00:18<00:19]
Epoch [8/15]: [15/30]  50%|█████      [00:19<00:19]
Epoch [8/15]: [16/30]  53%|█████▎     [00:19<00:18]
Epoch [8/15]: [16/30]  53%|█████▎     [00:20<00:18]
Epoch [8/15]: [17/30]  57%|█████▋     [00:20<00:16]
Epoch [8/15]: [17/30]  57%|█████▋     [00:22<00:16]
Epoch [8/15]: [18/30]  60%|██████     [00:22<00:15]
Epoch [8/15]: [18/30]  60%|██████     [00:23<00:15]
Epoch [8/15]: [19/30]  63%|██████▎    [00:23<00:14]
Epoch [8/15]: [19/30]  63%|██████▎    [00:24<00:14]
Epoch [8/15]: [20/30]  67%|██████▋    [00:24<00:13]
Epoch [8/15]: [20/30]  67%|██████▋    [00:26<00:13]
Epoch [8/15]: [21/30]  70%|███████    [00:26<00:11]
Epoch [8/15]: [21/30]  70%|███████    [00:27<00:11]
Epoch [8/15]: [22/30]  73%|███████▎   [00:27<00:10]
Epoch [8/15]: [22/30]  73%|███████▎   [00:28<00:10]
Epoch [8/15]: [23/30]  77%|███████▋   [00:28<00:09]
Epoch [8/15]: [23/30]  77%|███████▋   [00:29<00:09]
Epoch [8/15]: [24/30]  80%|████████   [00:29<00:07]
Epoch [8/15]: [24/30]  80%|████████   [00:31<00:07]
Epoch [8/15]: [25/30]  83%|████████▎  [00:31<00:06]
Epoch [8/15]: [25/30]  83%|████████▎  [00:32<00:06]
Epoch [8/15]: [26/30]  87%|████████▋  [00:32<00:05]
Epoch [8/15]: [26/30]  87%|████████▋  [00:33<00:05]
Epoch [8/15]: [27/30]  90%|█████████  [00:33<00:03]
Epoch [8/15]: [27/30]  90%|█████████  [00:35<00:03]
Epoch [8/15]: [28/30]  93%|█████████▎ [00:35<00:02]
Epoch [8/15]: [28/30]  93%|█████████▎ [00:36<00:02]
Epoch [8/15]: [29/30]  97%|█████████▋ [00:36<00:01]
Epoch [8/15]: [29/30]  97%|█████████▋ [00:37<00:01]
Epoch [8/15]: [30/30] 100%|██████████ [00:37<00:00]
                                                   

[1/9]  11%|█          [00:00<?]
Iteration: [1/9]  11%|█          [00:00<?]
Iteration: [1/9]  11%|█          [00:00<?]
Iteration: [2/9]  22%|██▏        [00:00<00:02]
Iteration: [2/9]  22%|██▏        [00:00<00:02]
Iteration: [3/9]  33%|███▎       [00:00<00:02]
Iteration: [3/9]  33%|███▎       [00:01<00:02]
Iteration: [4/9]  44%|████▍      [00:01<00:01]
Iteration: [4/9]  44%|████▍      [00:01<00:01]
Iteration: [5/9]  56%|█████▌     [00:01<00:01]
Iteration: [5/9]  56%|█████▌     [00:01<00:01]
Iteration: [6/9]  67%|██████▋    [00:01<00:01]
Iteration: [6/9]  67%|██████▋    [00:02<00:01]
Iteration: [7/9]  78%|███████▊   [00:02<00:00]
Iteration: [7/9]  78%|███████▊   [00:02<00:00]
Iteration: [8/9]  89%|████████▉  [00:02<00:00]
Iteration: [8/9]  89%|████████▉  [00:02<00:00]
Iteration: [9/9] 100%|██████████ [00:02<00:00]
                                              

[1/30]   3%|▎          [00:00<?]
Epoch [9/15]: [1/30]   3%|▎          [00:00<?]
Epoch [9/15]: [1/30]   3%|▎          [00:01<?]
Epoch [9/15]: [2/30]   7%|▋          [00:01<00:37]
Epoch [9/15]: [2/30]   7%|▋          [00:02<00:37]
Epoch [9/15]: [3/30]  10%|█          [00:02<00:35]
Epoch [9/15]: [3/30]  10%|█          [00:03<00:35]
Epoch [9/15]: [4/30]  13%|█▎         [00:03<00:34]
Epoch [9/15]: [4/30]  13%|█▎         [00:05<00:34]
Epoch [9/15]: [5/30]  17%|█▋         [00:05<00:32]
Epoch [9/15]: [5/30]  17%|█▋         [00:06<00:32]
Epoch [9/15]: [6/30]  20%|██         [00:06<00:31]
Epoch [9/15]: [6/30]  20%|██         [00:07<00:31]
Epoch [9/15]: [7/30]  23%|██▎        [00:07<00:30]
Epoch [9/15]: [7/30]  23%|██▎        [00:09<00:30]
Epoch [9/15]: [8/30]  27%|██▋        [00:09<00:28]
Epoch [9/15]: [8/30]  27%|██▋        [00:10<00:28]
Epoch [9/15]: [9/30]  30%|███        [00:10<00:27]
Epoch [9/15]: [9/30]  30%|███        [00:11<00:27]
Epoch [9/15]: [10/30]  33%|███▎       [00:11<00:26]
Epoch [9/15]: [10/30]  33%|███▎       [00:13<00:26]
Epoch [9/15]: [11/30]  37%|███▋       [00:13<00:24]
Epoch [9/15]: [11/30]  37%|███▋       [00:14<00:24]
Epoch [9/15]: [12/30]  40%|████       [00:14<00:23]
Epoch [9/15]: [12/30]  40%|████       [00:15<00:23]
Epoch [9/15]: [13/30]  43%|████▎      [00:15<00:21]
Epoch [9/15]: [13/30]  43%|████▎      [00:16<00:21]
Epoch [9/15]: [14/30]  47%|████▋      [00:16<00:20]
Epoch [9/15]: [14/30]  47%|████▋      [00:18<00:20]
Epoch [9/15]: [15/30]  50%|█████      [00:18<00:19]
Epoch [9/15]: [15/30]  50%|█████      [00:19<00:19]
Epoch [9/15]: [16/30]  53%|█████▎     [00:19<00:18]
Epoch [9/15]: [16/30]  53%|█████▎     [00:20<00:18]
Epoch [9/15]: [17/30]  57%|█████▋     [00:20<00:16]
Epoch [9/15]: [17/30]  57%|█████▋     [00:22<00:16]
Epoch [9/15]: [18/30]  60%|██████     [00:22<00:15]
Epoch [9/15]: [18/30]  60%|██████     [00:23<00:15]
Epoch [9/15]: [19/30]  63%|██████▎    [00:23<00:14]
Epoch [9/15]: [19/30]  63%|██████▎    [00:24<00:14]
Epoch [9/15]: [20/30]  67%|██████▋    [00:24<00:13]
Epoch [9/15]: [20/30]  67%|██████▋    [00:26<00:13]
Epoch [9/15]: [21/30]  70%|███████    [00:26<00:11]
Epoch [9/15]: [21/30]  70%|███████    [00:27<00:11]
Epoch [9/15]: [22/30]  73%|███████▎   [00:27<00:10]
Epoch [9/15]: [22/30]  73%|███████▎   [00:28<00:10]
Epoch [9/15]: [23/30]  77%|███████▋   [00:28<00:09]
Epoch [9/15]: [23/30]  77%|███████▋   [00:29<00:09]
Epoch [9/15]: [24/30]  80%|████████   [00:29<00:07]
Epoch [9/15]: [24/30]  80%|████████   [00:31<00:07]
Epoch [9/15]: [25/30]  83%|████████▎  [00:31<00:06]
Epoch [9/15]: [25/30]  83%|████████▎  [00:32<00:06]
Epoch [9/15]: [26/30]  87%|████████▋  [00:32<00:05]
Epoch [9/15]: [26/30]  87%|████████▋  [00:33<00:05]
Epoch [9/15]: [27/30]  90%|█████████  [00:33<00:03]
Epoch [9/15]: [27/30]  90%|█████████  [00:35<00:03]
Epoch [9/15]: [28/30]  93%|█████████▎ [00:35<00:02]
Epoch [9/15]: [28/30]  93%|█████████▎ [00:36<00:02]
Epoch [9/15]: [29/30]  97%|█████████▋ [00:36<00:01]
Epoch [9/15]: [29/30]  97%|█████████▋ [00:37<00:01]
Epoch [9/15]: [30/30] 100%|██████████ [00:37<00:00]
                                                   

[1/9]  11%|█          [00:00<?]
Iteration: [1/9]  11%|█          [00:00<?]
Iteration: [1/9]  11%|█          [00:00<?]
Iteration: [2/9]  22%|██▏        [00:00<00:02]
Iteration: [2/9]  22%|██▏        [00:00<00:02]
Iteration: [3/9]  33%|███▎       [00:00<00:02]
Iteration: [3/9]  33%|███▎       [00:01<00:02]
Iteration: [4/9]  44%|████▍      [00:01<00:01]
Iteration: [4/9]  44%|████▍      [00:01<00:01]
Iteration: [5/9]  56%|█████▌     [00:01<00:01]
Iteration: [5/9]  56%|█████▌     [00:01<00:01]
Iteration: [6/9]  67%|██████▋    [00:01<00:01]
Iteration: [6/9]  67%|██████▋    [00:02<00:01]
Iteration: [7/9]  78%|███████▊   [00:02<00:00]
Iteration: [7/9]  78%|███████▊   [00:02<00:00]
Iteration: [8/9]  89%|████████▉  [00:02<00:00]
Iteration: [8/9]  89%|████████▉  [00:03<00:00]
Iteration: [9/9] 100%|██████████ [00:03<00:00]
                                              

[1/30]   3%|▎          [00:00<?]
Epoch [10/15]: [1/30]   3%|▎          [00:00<?]
Epoch [10/15]: [1/30]   3%|▎          [00:01<?]
Epoch [10/15]: [2/30]   7%|▋          [00:01<00:36]
Epoch [10/15]: [2/30]   7%|▋          [00:02<00:36]
Epoch [10/15]: [3/30]  10%|█          [00:02<00:35]
Epoch [10/15]: [3/30]  10%|█          [00:03<00:35]
Epoch [10/15]: [4/30]  13%|█▎         [00:03<00:33]
Epoch [10/15]: [4/30]  13%|█▎         [00:05<00:33]
Epoch [10/15]: [5/30]  17%|█▋         [00:05<00:32]
Epoch [10/15]: [5/30]  17%|█▋         [00:06<00:32]
Epoch [10/15]: [6/30]  20%|██         [00:06<00:31]
Epoch [10/15]: [6/30]  20%|██         [00:07<00:31]
Epoch [10/15]: [7/30]  23%|██▎        [00:07<00:29]
Epoch [10/15]: [7/30]  23%|██▎        [00:09<00:29]
Epoch [10/15]: [8/30]  27%|██▋        [00:09<00:28]
Epoch [10/15]: [8/30]  27%|██▋        [00:10<00:28]
Epoch [10/15]: [9/30]  30%|███        [00:10<00:27]
Epoch [10/15]: [9/30]  30%|███        [00:11<00:27]
Epoch [10/15]: [10/30]  33%|███▎       [00:11<00:25]
Epoch [10/15]: [10/30]  33%|███▎       [00:12<00:25]
Epoch [10/15]: [11/30]  37%|███▋       [00:12<00:24]
Epoch [10/15]: [11/30]  37%|███▋       [00:14<00:24]
Epoch [10/15]: [12/30]  40%|████       [00:14<00:23]
Epoch [10/15]: [12/30]  40%|████       [00:15<00:23]
Epoch [10/15]: [13/30]  43%|████▎      [00:15<00:22]
Epoch [10/15]: [13/30]  43%|████▎      [00:16<00:22]
Epoch [10/15]: [14/30]  47%|████▋      [00:16<00:21]
Epoch [10/15]: [14/30]  47%|████▋      [00:18<00:21]
Epoch [10/15]: [15/30]  50%|█████      [00:18<00:19]
Epoch [10/15]: [15/30]  50%|█████      [00:19<00:19]
Epoch [10/15]: [16/30]  53%|█████▎     [00:19<00:18]
Epoch [10/15]: [16/30]  53%|█████▎     [00:20<00:18]
Epoch [10/15]: [17/30]  57%|█████▋     [00:20<00:17]
Epoch [10/15]: [17/30]  57%|█████▋     [00:22<00:17]
Epoch [10/15]: [18/30]  60%|██████     [00:22<00:15]
Epoch [10/15]: [18/30]  60%|██████     [00:23<00:15]
Epoch [10/15]: [19/30]  63%|██████▎    [00:23<00:14]
Epoch [10/15]: [19/30]  63%|██████▎    [00:24<00:14]
Epoch [10/15]: [20/30]  67%|██████▋    [00:24<00:13]
Epoch [10/15]: [20/30]  67%|██████▋    [00:26<00:13]
Epoch [10/15]: [21/30]  70%|███████    [00:26<00:11]
Epoch [10/15]: [21/30]  70%|███████    [00:27<00:11]
Epoch [10/15]: [22/30]  73%|███████▎   [00:27<00:10]
Epoch [10/15]: [22/30]  73%|███████▎   [00:28<00:10]
Epoch [10/15]: [23/30]  77%|███████▋   [00:28<00:09]
Epoch [10/15]: [23/30]  77%|███████▋   [00:30<00:09]
Epoch [10/15]: [24/30]  80%|████████   [00:30<00:07]
Epoch [10/15]: [24/30]  80%|████████   [00:31<00:07]
Epoch [10/15]: [25/30]  83%|████████▎  [00:31<00:06]
Epoch [10/15]: [25/30]  83%|████████▎  [00:32<00:06]
Epoch [10/15]: [26/30]  87%|████████▋  [00:32<00:05]
Epoch [10/15]: [26/30]  87%|████████▋  [00:33<00:05]
Epoch [10/15]: [27/30]  90%|█████████  [00:33<00:03]
Epoch [10/15]: [27/30]  90%|█████████  [00:35<00:03]
Epoch [10/15]: [28/30]  93%|█████████▎ [00:35<00:02]
Epoch [10/15]: [28/30]  93%|█████████▎ [00:36<00:02]
Epoch [10/15]: [29/30]  97%|█████████▋ [00:36<00:01]
Epoch [10/15]: [29/30]  97%|█████████▋ [00:37<00:01]
Epoch [10/15]: [30/30] 100%|██████████ [00:37<00:00]
                                                    

[1/9]  11%|█          [00:00<?]
Iteration: [1/9]  11%|█          [00:00<?]
Iteration: [1/9]  11%|█          [00:00<?]
Iteration: [2/9]  22%|██▏        [00:00<00:02]
Iteration: [2/9]  22%|██▏        [00:00<00:02]
Iteration: [3/9]  33%|███▎       [00:00<00:02]
Iteration: [3/9]  33%|███▎       [00:01<00:02]
Iteration: [4/9]  44%|████▍      [00:01<00:01]
Iteration: [4/9]  44%|████▍      [00:01<00:01]
Iteration: [5/9]  56%|█████▌     [00:01<00:01]
Iteration: [5/9]  56%|█████▌     [00:01<00:01]
Iteration: [6/9]  67%|██████▋    [00:01<00:01]
Iteration: [6/9]  67%|██████▋    [00:02<00:01]
Iteration: [7/9]  78%|███████▊   [00:02<00:00]
Iteration: [7/9]  78%|███████▊   [00:02<00:00]
Iteration: [8/9]  89%|████████▉  [00:02<00:00]
Iteration: [8/9]  89%|████████▉  [00:02<00:00]
Iteration: [9/9] 100%|██████████ [00:02<00:00]
                                              

[1/30]   3%|▎          [00:00<?]
Epoch [11/15]: [1/30]   3%|▎          [00:00<?]
Epoch [11/15]: [1/30]   3%|▎          [00:01<?]
Epoch [11/15]: [2/30]   7%|▋          [00:01<00:36]
Epoch [11/15]: [2/30]   7%|▋          [00:02<00:36]
Epoch [11/15]: [3/30]  10%|█          [00:02<00:34]
Epoch [11/15]: [3/30]  10%|█          [00:03<00:34]
Epoch [11/15]: [4/30]  13%|█▎         [00:03<00:33]
Epoch [11/15]: [4/30]  13%|█▎         [00:05<00:33]
Epoch [11/15]: [5/30]  17%|█▋         [00:05<00:33]
Epoch [11/15]: [5/30]  17%|█▋         [00:06<00:33]
Epoch [11/15]: [6/30]  20%|██         [00:06<00:31]
Epoch [11/15]: [6/30]  20%|██         [00:07<00:31]
Epoch [11/15]: [7/30]  23%|██▎        [00:07<00:30]
Epoch [11/15]: [7/30]  23%|██▎        [00:09<00:30]
Epoch [11/15]: [8/30]  27%|██▋        [00:09<00:29]
Epoch [11/15]: [8/30]  27%|██▋        [00:10<00:29]
Epoch [11/15]: [9/30]  30%|███        [00:10<00:27]
Epoch [11/15]: [9/30]  30%|███        [00:11<00:27]
Epoch [11/15]: [10/30]  33%|███▎       [00:11<00:26]
Epoch [11/15]: [10/30]  33%|███▎       [00:13<00:26]
Epoch [11/15]: [11/30]  37%|███▋       [00:13<00:24]
Epoch [11/15]: [11/30]  37%|███▋       [00:14<00:24]
Epoch [11/15]: [12/30]  40%|████       [00:14<00:23]
Epoch [11/15]: [12/30]  40%|████       [00:15<00:23]
Epoch [11/15]: [13/30]  43%|████▎      [00:15<00:22]
Epoch [11/15]: [13/30]  43%|████▎      [00:17<00:22]
Epoch [11/15]: [14/30]  47%|████▋      [00:17<00:21]
Epoch [11/15]: [14/30]  47%|████▋      [00:18<00:21]
Epoch [11/15]: [15/30]  50%|█████      [00:18<00:19]
Epoch [11/15]: [15/30]  50%|█████      [00:19<00:19]
Epoch [11/15]: [16/30]  53%|█████▎     [00:19<00:18]
Epoch [11/15]: [16/30]  53%|█████▎     [00:21<00:18]
Epoch [11/15]: [17/30]  57%|█████▋     [00:21<00:17]
Epoch [11/15]: [17/30]  57%|█████▋     [00:22<00:17]
Epoch [11/15]: [18/30]  60%|██████     [00:22<00:15]
Epoch [11/15]: [18/30]  60%|██████     [00:23<00:15]
Epoch [11/15]: [19/30]  63%|██████▎    [00:23<00:14]
Epoch [11/15]: [19/30]  63%|██████▎    [00:24<00:14]
Epoch [11/15]: [20/30]  67%|██████▋    [00:24<00:12]
Epoch [11/15]: [20/30]  67%|██████▋    [00:26<00:12]
Epoch [11/15]: [21/30]  70%|███████    [00:26<00:11]
Epoch [11/15]: [21/30]  70%|███████    [00:27<00:11]
Epoch [11/15]: [22/30]  73%|███████▎   [00:27<00:10]
Epoch [11/15]: [22/30]  73%|███████▎   [00:28<00:10]
Epoch [11/15]: [23/30]  77%|███████▋   [00:28<00:09]
Epoch [11/15]: [23/30]  77%|███████▋   [00:30<00:09]
Epoch [11/15]: [24/30]  80%|████████   [00:30<00:07]
Epoch [11/15]: [24/30]  80%|████████   [00:31<00:07]
Epoch [11/15]: [25/30]  83%|████████▎  [00:31<00:06]
Epoch [11/15]: [25/30]  83%|████████▎  [00:32<00:06]
Epoch [11/15]: [26/30]  87%|████████▋  [00:32<00:05]
Epoch [11/15]: [26/30]  87%|████████▋  [00:34<00:05]
Epoch [11/15]: [27/30]  90%|█████████  [00:34<00:03]
Epoch [11/15]: [27/30]  90%|█████████  [00:35<00:03]
Epoch [11/15]: [28/30]  93%|█████████▎ [00:35<00:02]
Epoch [11/15]: [28/30]  93%|█████████▎ [00:36<00:02]
Epoch [11/15]: [29/30]  97%|█████████▋ [00:36<00:01]
Epoch [11/15]: [29/30]  97%|█████████▋ [00:38<00:01]
Epoch [11/15]: [30/30] 100%|██████████ [00:38<00:00]
                                                    

[1/9]  11%|█          [00:00<?]
Iteration: [1/9]  11%|█          [00:00<?]
Iteration: [1/9]  11%|█          [00:00<?]
Iteration: [2/9]  22%|██▏        [00:00<00:02]
Iteration: [2/9]  22%|██▏        [00:00<00:02]
Iteration: [3/9]  33%|███▎       [00:00<00:02]
Iteration: [3/9]  33%|███▎       [00:01<00:02]
Iteration: [4/9]  44%|████▍      [00:01<00:01]
Iteration: [4/9]  44%|████▍      [00:01<00:01]
Iteration: [5/9]  56%|█████▌     [00:01<00:01]
Iteration: [5/9]  56%|█████▌     [00:01<00:01]
Iteration: [6/9]  67%|██████▋    [00:01<00:01]
Iteration: [6/9]  67%|██████▋    [00:02<00:01]
Iteration: [7/9]  78%|███████▊   [00:02<00:00]
Iteration: [7/9]  78%|███████▊   [00:02<00:00]
Iteration: [8/9]  89%|████████▉  [00:02<00:00]
Iteration: [8/9]  89%|████████▉  [00:02<00:00]
Iteration: [9/9] 100%|██████████ [00:02<00:00]
                                              

[1/30]   3%|▎          [00:00<?]
Epoch [12/15]: [1/30]   3%|▎          [00:00<?]
Epoch [12/15]: [1/30]   3%|▎          [00:01<?]
Epoch [12/15]: [2/30]   7%|▋          [00:01<00:35]
Epoch [12/15]: [2/30]   7%|▋          [00:02<00:35]
Epoch [12/15]: [3/30]  10%|█          [00:02<00:34]
Epoch [12/15]: [3/30]  10%|█          [00:03<00:34]
Epoch [12/15]: [4/30]  13%|█▎         [00:03<00:33]
Epoch [12/15]: [4/30]  13%|█▎         [00:05<00:33]
Epoch [12/15]: [5/30]  17%|█▋         [00:05<00:31]
Epoch [12/15]: [5/30]  17%|█▋         [00:06<00:31]
Epoch [12/15]: [6/30]  20%|██         [00:06<00:31]
Epoch [12/15]: [6/30]  20%|██         [00:07<00:31]
Epoch [12/15]: [7/30]  23%|██▎        [00:07<00:30]
Epoch [12/15]: [7/30]  23%|██▎        [00:09<00:30]
Epoch [12/15]: [8/30]  27%|██▋        [00:09<00:28]
Epoch [12/15]: [8/30]  27%|██▋        [00:10<00:28]
Epoch [12/15]: [9/30]  30%|███        [00:10<00:27]
Epoch [12/15]: [9/30]  30%|███        [00:11<00:27]
Epoch [12/15]: [10/30]  33%|███▎       [00:11<00:25]
Epoch [12/15]: [10/30]  33%|███▎       [00:12<00:25]
Epoch [12/15]: [11/30]  37%|███▋       [00:12<00:24]
Epoch [12/15]: [11/30]  37%|███▋       [00:14<00:24]
Epoch [12/15]: [12/30]  40%|████       [00:14<00:23]
Epoch [12/15]: [12/30]  40%|████       [00:15<00:23]
Epoch [12/15]: [13/30]  43%|████▎      [00:15<00:21]
Epoch [12/15]: [13/30]  43%|████▎      [00:16<00:21]
Epoch [12/15]: [14/30]  47%|████▋      [00:16<00:20]
Epoch [12/15]: [14/30]  47%|████▋      [00:18<00:20]
Epoch [12/15]: [15/30]  50%|█████      [00:18<00:19]
Epoch [12/15]: [15/30]  50%|█████      [00:19<00:19]
Epoch [12/15]: [16/30]  53%|█████▎     [00:19<00:17]
Epoch [12/15]: [16/30]  53%|█████▎     [00:20<00:17]
Epoch [12/15]: [17/30]  57%|█████▋     [00:20<00:16]
Epoch [12/15]: [17/30]  57%|█████▋     [00:21<00:16]
Epoch [12/15]: [18/30]  60%|██████     [00:21<00:15]
Epoch [12/15]: [18/30]  60%|██████     [00:23<00:15]
Epoch [12/15]: [19/30]  63%|██████▎    [00:23<00:14]
Epoch [12/15]: [19/30]  63%|██████▎    [00:24<00:14]
Epoch [12/15]: [20/30]  67%|██████▋    [00:24<00:12]
Epoch [12/15]: [20/30]  67%|██████▋    [00:25<00:12]
Epoch [12/15]: [21/30]  70%|███████    [00:25<00:11]
Epoch [12/15]: [21/30]  70%|███████    [00:27<00:11]
Epoch [12/15]: [22/30]  73%|███████▎   [00:27<00:10]
Epoch [12/15]: [22/30]  73%|███████▎   [00:28<00:10]
Epoch [12/15]: [23/30]  77%|███████▋   [00:28<00:09]
Epoch [12/15]: [23/30]  77%|███████▋   [00:29<00:09]
Epoch [12/15]: [24/30]  80%|████████   [00:29<00:07]
Epoch [12/15]: [24/30]  80%|████████   [00:31<00:07]
Epoch [12/15]: [25/30]  83%|████████▎  [00:31<00:06]
Epoch [12/15]: [25/30]  83%|████████▎  [00:32<00:06]
Epoch [12/15]: [26/30]  87%|████████▋  [00:32<00:05]
Epoch [12/15]: [26/30]  87%|████████▋  [00:33<00:05]
Epoch [12/15]: [27/30]  90%|█████████  [00:33<00:03]
Epoch [12/15]: [27/30]  90%|█████████  [00:35<00:03]
Epoch [12/15]: [28/30]  93%|█████████▎ [00:35<00:02]
Epoch [12/15]: [28/30]  93%|█████████▎ [00:36<00:02]
Epoch [12/15]: [29/30]  97%|█████████▋ [00:36<00:01]
Epoch [12/15]: [29/30]  97%|█████████▋ [00:37<00:01]
Epoch [12/15]: [30/30] 100%|██████████ [00:37<00:00]
                                                    

[1/9]  11%|█          [00:00<?]
Iteration: [1/9]  11%|█          [00:00<?]
Iteration: [1/9]  11%|█          [00:00<?]
Iteration: [2/9]  22%|██▏        [00:00<00:02]
Iteration: [2/9]  22%|██▏        [00:00<00:02]
Iteration: [3/9]  33%|███▎       [00:00<00:02]
Iteration: [3/9]  33%|███▎       [00:01<00:02]
Iteration: [4/9]  44%|████▍      [00:01<00:01]
Iteration: [4/9]  44%|████▍      [00:01<00:01]
Iteration: [5/9]  56%|█████▌     [00:01<00:01]
Iteration: [5/9]  56%|█████▌     [00:01<00:01]
Iteration: [6/9]  67%|██████▋    [00:01<00:01]
Iteration: [6/9]  67%|██████▋    [00:02<00:01]
Iteration: [7/9]  78%|███████▊   [00:02<00:00]
Iteration: [7/9]  78%|███████▊   [00:02<00:00]
Iteration: [8/9]  89%|████████▉  [00:02<00:00]
Iteration: [8/9]  89%|████████▉  [00:02<00:00]
Iteration: [9/9] 100%|██████████ [00:02<00:00]
                                              

[1/30]   3%|▎          [00:00<?]
Epoch [13/15]: [1/30]   3%|▎          [00:00<?]
Epoch [13/15]: [1/30]   3%|▎          [00:01<?]
Epoch [13/15]: [2/30]   7%|▋          [00:01<00:36]
Epoch [13/15]: [2/30]   7%|▋          [00:02<00:36]
Epoch [13/15]: [3/30]  10%|█          [00:02<00:34]
Epoch [13/15]: [3/30]  10%|█          [00:03<00:34]
Epoch [13/15]: [4/30]  13%|█▎         [00:03<00:33]
Epoch [13/15]: [4/30]  13%|█▎         [00:05<00:33]
Epoch [13/15]: [5/30]  17%|█▋         [00:05<00:32]
Epoch [13/15]: [5/30]  17%|█▋         [00:06<00:32]
Epoch [13/15]: [6/30]  20%|██         [00:06<00:31]
Epoch [13/15]: [6/30]  20%|██         [00:07<00:31]
Epoch [13/15]: [7/30]  23%|██▎        [00:07<00:29]
Epoch [13/15]: [7/30]  23%|██▎        [00:09<00:29]
Epoch [13/15]: [8/30]  27%|██▋        [00:09<00:28]
Epoch [13/15]: [8/30]  27%|██▋        [00:10<00:28]
Epoch [13/15]: [9/30]  30%|███        [00:10<00:27]
Epoch [13/15]: [9/30]  30%|███        [00:11<00:27]
Epoch [13/15]: [10/30]  33%|███▎       [00:11<00:25]
Epoch [13/15]: [10/30]  33%|███▎       [00:12<00:25]
Epoch [13/15]: [11/30]  37%|███▋       [00:12<00:24]
Epoch [13/15]: [11/30]  37%|███▋       [00:14<00:24]
Epoch [13/15]: [12/30]  40%|████       [00:14<00:23]
Epoch [13/15]: [12/30]  40%|████       [00:15<00:23]
Epoch [13/15]: [13/30]  43%|████▎      [00:15<00:22]
Epoch [13/15]: [13/30]  43%|████▎      [00:16<00:22]
Epoch [13/15]: [14/30]  47%|████▋      [00:16<00:20]
Epoch [13/15]: [14/30]  47%|████▋      [00:18<00:20]
Epoch [13/15]: [15/30]  50%|█████      [00:18<00:19]
Epoch [13/15]: [15/30]  50%|█████      [00:19<00:19]
Epoch [13/15]: [16/30]  53%|█████▎     [00:19<00:17]
Epoch [13/15]: [16/30]  53%|█████▎     [00:20<00:17]
Epoch [13/15]: [17/30]  57%|█████▋     [00:20<00:16]
Epoch [13/15]: [17/30]  57%|█████▋     [00:22<00:16]
Epoch [13/15]: [18/30]  60%|██████     [00:22<00:15]
Epoch [13/15]: [18/30]  60%|██████     [00:23<00:15]
Epoch [13/15]: [19/30]  63%|██████▎    [00:23<00:14]
Epoch [13/15]: [19/30]  63%|██████▎    [00:24<00:14]
Epoch [13/15]: [20/30]  67%|██████▋    [00:24<00:12]
Epoch [13/15]: [20/30]  67%|██████▋    [00:25<00:12]
Epoch [13/15]: [21/30]  70%|███████    [00:25<00:11]
Epoch [13/15]: [21/30]  70%|███████    [00:27<00:11]
Epoch [13/15]: [22/30]  73%|███████▎   [00:27<00:10]
Epoch [13/15]: [22/30]  73%|███████▎   [00:28<00:10]
Epoch [13/15]: [23/30]  77%|███████▋   [00:28<00:08]
Epoch [13/15]: [23/30]  77%|███████▋   [00:29<00:08]
Epoch [13/15]: [24/30]  80%|████████   [00:29<00:07]
Epoch [13/15]: [24/30]  80%|████████   [00:31<00:07]
Epoch [13/15]: [25/30]  83%|████████▎  [00:31<00:06]
Epoch [13/15]: [25/30]  83%|████████▎  [00:32<00:06]
Epoch [13/15]: [26/30]  87%|████████▋  [00:32<00:05]
Epoch [13/15]: [26/30]  87%|████████▋  [00:33<00:05]
Epoch [13/15]: [27/30]  90%|█████████  [00:33<00:03]
Epoch [13/15]: [27/30]  90%|█████████  [00:34<00:03]
Epoch [13/15]: [28/30]  93%|█████████▎ [00:34<00:02]
Epoch [13/15]: [28/30]  93%|█████████▎ [00:36<00:02]
Epoch [13/15]: [29/30]  97%|█████████▋ [00:36<00:01]
Epoch [13/15]: [29/30]  97%|█████████▋ [00:37<00:01]
Epoch [13/15]: [30/30] 100%|██████████ [00:37<00:00]
                                                    

[1/9]  11%|█          [00:00<?]
Iteration: [1/9]  11%|█          [00:00<?]
Iteration: [1/9]  11%|█          [00:00<?]
Iteration: [2/9]  22%|██▏        [00:00<00:02]
Iteration: [2/9]  22%|██▏        [00:00<00:02]
Iteration: [3/9]  33%|███▎       [00:00<00:02]
Iteration: [3/9]  33%|███▎       [00:01<00:02]
Iteration: [4/9]  44%|████▍      [00:01<00:01]
Iteration: [4/9]  44%|████▍      [00:01<00:01]
Iteration: [5/9]  56%|█████▌     [00:01<00:01]
Iteration: [5/9]  56%|█████▌     [00:01<00:01]
Iteration: [6/9]  67%|██████▋    [00:01<00:01]
Iteration: [6/9]  67%|██████▋    [00:02<00:01]
Iteration: [7/9]  78%|███████▊   [00:02<00:00]
Iteration: [7/9]  78%|███████▊   [00:02<00:00]
Iteration: [8/9]  89%|████████▉  [00:02<00:00]
Iteration: [8/9]  89%|████████▉  [00:02<00:00]
Iteration: [9/9] 100%|██████████ [00:02<00:00]
                                              

[1/30]   3%|▎          [00:00<?]
Epoch [14/15]: [1/30]   3%|▎          [00:00<?]
Epoch [14/15]: [1/30]   3%|▎          [00:01<?]
Epoch [14/15]: [2/30]   7%|▋          [00:01<00:38]
Epoch [14/15]: [2/30]   7%|▋          [00:02<00:38]
Epoch [14/15]: [3/30]  10%|█          [00:02<00:35]
Epoch [14/15]: [3/30]  10%|█          [00:03<00:35]
Epoch [14/15]: [4/30]  13%|█▎         [00:03<00:33]
Epoch [14/15]: [4/30]  13%|█▎         [00:05<00:33]
Epoch [14/15]: [5/30]  17%|█▋         [00:05<00:32]
Epoch [14/15]: [5/30]  17%|█▋         [00:06<00:32]
Epoch [14/15]: [6/30]  20%|██         [00:06<00:31]
Epoch [14/15]: [6/30]  20%|██         [00:07<00:31]
Epoch [14/15]: [7/30]  23%|██▎        [00:07<00:30]
Epoch [14/15]: [7/30]  23%|██▎        [00:09<00:30]
Epoch [14/15]: [8/30]  27%|██▋        [00:09<00:29]
Epoch [14/15]: [8/30]  27%|██▋        [00:10<00:29]
Epoch [14/15]: [9/30]  30%|███        [00:10<00:27]
Epoch [14/15]: [9/30]  30%|███        [00:11<00:27]
Epoch [14/15]: [10/30]  33%|███▎       [00:11<00:26]
Epoch [14/15]: [10/30]  33%|███▎       [00:13<00:26]
Epoch [14/15]: [11/30]  37%|███▋       [00:13<00:25]
Epoch [14/15]: [11/30]  37%|███▋       [00:14<00:25]
Epoch [14/15]: [12/30]  40%|████       [00:14<00:23]
Epoch [14/15]: [12/30]  40%|████       [00:15<00:23]
Epoch [14/15]: [13/30]  43%|████▎      [00:15<00:22]
Epoch [14/15]: [13/30]  43%|████▎      [00:17<00:22]
Epoch [14/15]: [14/30]  47%|████▋      [00:17<00:20]
Epoch [14/15]: [14/30]  47%|████▋      [00:18<00:20]
Epoch [14/15]: [15/30]  50%|█████      [00:18<00:19]
Epoch [14/15]: [15/30]  50%|█████      [00:19<00:19]
Epoch [14/15]: [16/30]  53%|█████▎     [00:19<00:18]
Epoch [14/15]: [16/30]  53%|█████▎     [00:20<00:18]
Epoch [14/15]: [17/30]  57%|█████▋     [00:20<00:16]
Epoch [14/15]: [17/30]  57%|█████▋     [00:22<00:16]
Epoch [14/15]: [18/30]  60%|██████     [00:22<00:15]
Epoch [14/15]: [18/30]  60%|██████     [00:23<00:15]
Epoch [14/15]: [19/30]  63%|██████▎    [00:23<00:14]
Epoch [14/15]: [19/30]  63%|██████▎    [00:24<00:14]
Epoch [14/15]: [20/30]  67%|██████▋    [00:24<00:13]
Epoch [14/15]: [20/30]  67%|██████▋    [00:26<00:13]
Epoch [14/15]: [21/30]  70%|███████    [00:26<00:12]
Epoch [14/15]: [21/30]  70%|███████    [00:27<00:12]
Epoch [14/15]: [22/30]  73%|███████▎   [00:27<00:10]
Epoch [14/15]: [22/30]  73%|███████▎   [00:28<00:10]
Epoch [14/15]: [23/30]  77%|███████▋   [00:28<00:09]
Epoch [14/15]: [23/30]  77%|███████▋   [00:30<00:09]
Epoch [14/15]: [24/30]  80%|████████   [00:30<00:07]
Epoch [14/15]: [24/30]  80%|████████   [00:31<00:07]
Epoch [14/15]: [25/30]  83%|████████▎  [00:31<00:06]
Epoch [14/15]: [25/30]  83%|████████▎  [00:32<00:06]
Epoch [14/15]: [26/30]  87%|████████▋  [00:32<00:05]
Epoch [14/15]: [26/30]  87%|████████▋  [00:34<00:05]
Epoch [14/15]: [27/30]  90%|█████████  [00:34<00:03]
Epoch [14/15]: [27/30]  90%|█████████  [00:35<00:03]
Epoch [14/15]: [28/30]  93%|█████████▎ [00:35<00:02]
Epoch [14/15]: [28/30]  93%|█████████▎ [00:36<00:02]
Epoch [14/15]: [29/30]  97%|█████████▋ [00:36<00:01]
Epoch [14/15]: [29/30]  97%|█████████▋ [00:38<00:01]
Epoch [14/15]: [30/30] 100%|██████████ [00:38<00:00]
                                                    

[1/9]  11%|█          [00:00<?]
Iteration: [1/9]  11%|█          [00:00<?]
Iteration: [1/9]  11%|█          [00:00<?]
Iteration: [2/9]  22%|██▏        [00:00<00:02]
Iteration: [2/9]  22%|██▏        [00:00<00:02]
Iteration: [3/9]  33%|███▎       [00:00<00:02]
Iteration: [3/9]  33%|███▎       [00:01<00:02]
Iteration: [4/9]  44%|████▍      [00:01<00:01]
Iteration: [4/9]  44%|████▍      [00:01<00:01]
Iteration: [5/9]  56%|█████▌     [00:01<00:01]
Iteration: [5/9]  56%|█████▌     [00:01<00:01]
Iteration: [6/9]  67%|██████▋    [00:01<00:01]
Iteration: [6/9]  67%|██████▋    [00:02<00:01]
Iteration: [7/9]  78%|███████▊   [00:02<00:00]
Iteration: [7/9]  78%|███████▊   [00:02<00:00]
Iteration: [8/9]  89%|████████▉  [00:02<00:00]
Iteration: [8/9]  89%|████████▉  [00:02<00:00]
Iteration: [9/9] 100%|██████████ [00:02<00:00]
                                              

[1/30]   3%|▎          [00:00<?]
Epoch [15/15]: [1/30]   3%|▎          [00:00<?]
Epoch [15/15]: [1/30]   3%|▎          [00:01<?]
Epoch [15/15]: [2/30]   7%|▋          [00:01<00:36]
Epoch [15/15]: [2/30]   7%|▋          [00:02<00:36]
Epoch [15/15]: [3/30]  10%|█          [00:02<00:35]
Epoch [15/15]: [3/30]  10%|█          [00:03<00:35]
Epoch [15/15]: [4/30]  13%|█▎         [00:03<00:34]
Epoch [15/15]: [4/30]  13%|█▎         [00:05<00:34]
Epoch [15/15]: [5/30]  17%|█▋         [00:05<00:32]
Epoch [15/15]: [5/30]  17%|█▋         [00:06<00:32]
Epoch [15/15]: [6/30]  20%|██         [00:06<00:31]
Epoch [15/15]: [6/30]  20%|██         [00:07<00:31]
Epoch [15/15]: [7/30]  23%|██▎        [00:07<00:29]
Epoch [15/15]: [7/30]  23%|██▎        [00:09<00:29]
Epoch [15/15]: [8/30]  27%|██▋        [00:09<00:28]
Epoch [15/15]: [8/30]  27%|██▋        [00:10<00:28]
Epoch [15/15]: [9/30]  30%|███        [00:10<00:27]
Epoch [15/15]: [9/30]  30%|███        [00:11<00:27]
Epoch [15/15]: [10/30]  33%|███▎       [00:11<00:26]
Epoch [15/15]: [10/30]  33%|███▎       [00:13<00:26]
Epoch [15/15]: [11/30]  37%|███▋       [00:13<00:24]
Epoch [15/15]: [11/30]  37%|███▋       [00:14<00:24]
Epoch [15/15]: [12/30]  40%|████       [00:14<00:23]
Epoch [15/15]: [12/30]  40%|████       [00:15<00:23]
Epoch [15/15]: [13/30]  43%|████▎      [00:15<00:21]
Epoch [15/15]: [13/30]  43%|████▎      [00:16<00:21]
Epoch [15/15]: [14/30]  47%|████▋      [00:16<00:21]
Epoch [15/15]: [14/30]  47%|████▋      [00:18<00:21]
Epoch [15/15]: [15/30]  50%|█████      [00:18<00:19]
Epoch [15/15]: [15/30]  50%|█████      [00:19<00:19]
Epoch [15/15]: [16/30]  53%|█████▎     [00:19<00:18]
Epoch [15/15]: [16/30]  53%|█████▎     [00:20<00:18]
Epoch [15/15]: [17/30]  57%|█████▋     [00:20<00:16]
Epoch [15/15]: [17/30]  57%|█████▋     [00:22<00:16]
Epoch [15/15]: [18/30]  60%|██████     [00:22<00:15]
Epoch [15/15]: [18/30]  60%|██████     [00:23<00:15]
Epoch [15/15]: [19/30]  63%|██████▎    [00:23<00:14]
Epoch [15/15]: [19/30]  63%|██████▎    [00:24<00:14]
Epoch [15/15]: [20/30]  67%|██████▋    [00:24<00:12]
Epoch [15/15]: [20/30]  67%|██████▋    [00:25<00:12]
Epoch [15/15]: [21/30]  70%|███████    [00:25<00:11]
Epoch [15/15]: [21/30]  70%|███████    [00:27<00:11]
Epoch [15/15]: [22/30]  73%|███████▎   [00:27<00:10]
Epoch [15/15]: [22/30]  73%|███████▎   [00:28<00:10]
Epoch [15/15]: [23/30]  77%|███████▋   [00:28<00:08]
Epoch [15/15]: [23/30]  77%|███████▋   [00:29<00:08]
Epoch [15/15]: [24/30]  80%|████████   [00:29<00:07]
Epoch [15/15]: [24/30]  80%|████████   [00:31<00:07]
Epoch [15/15]: [25/30]  83%|████████▎  [00:31<00:06]
Epoch [15/15]: [25/30]  83%|████████▎  [00:32<00:06]
Epoch [15/15]: [26/30]  87%|████████▋  [00:32<00:05]
Epoch [15/15]: [26/30]  87%|████████▋  [00:33<00:05]
Epoch [15/15]: [27/30]  90%|█████████  [00:33<00:03]
Epoch [15/15]: [27/30]  90%|█████████  [00:35<00:03]
Epoch [15/15]: [28/30]  93%|█████████▎ [00:35<00:02]
Epoch [15/15]: [28/30]  93%|█████████▎ [00:36<00:02]
Epoch [15/15]: [29/30]  97%|█████████▋ [00:36<00:01]
Epoch [15/15]: [29/30]  97%|█████████▋ [00:37<00:01]
Epoch [15/15]: [30/30] 100%|██████████ [00:37<00:00]
                                                    

[1/9]  11%|█          [00:00<?]
Iteration: [1/9]  11%|█          [00:00<?]
Iteration: [1/9]  11%|█          [00:00<?]
Iteration: [2/9]  22%|██▏        [00:00<00:02]
Iteration: [2/9]  22%|██▏        [00:00<00:02]
Iteration: [3/9]  33%|███▎       [00:00<00:02]
Iteration: [3/9]  33%|███▎       [00:01<00:02]
Iteration: [4/9]  44%|████▍      [00:01<00:01]
Iteration: [4/9]  44%|████▍      [00:01<00:01]
Iteration: [5/9]  56%|█████▌     [00:01<00:01]
Iteration: [5/9]  56%|█████▌     [00:01<00:01]
Iteration: [6/9]  67%|██████▋    [00:01<00:01]
Iteration: [6/9]  67%|██████▋    [00:02<00:01]
Iteration: [7/9]  78%|███████▊   [00:02<00:00]
Iteration: [7/9]  78%|███████▊   [00:02<00:00]
Iteration: [8/9]  89%|████████▉  [00:02<00:00]
Iteration: [8/9]  89%|████████▉  [00:02<00:00]
Iteration: [9/9] 100%|██████████ [00:02<00:00]
                                              
