Training DR K=1 (y=0 years) learnable_q=True quality_router=monotone ensemble=released_code on cpu
  using frozen split from E:\Projects\20260522-retinal-imaging\data\rfmid\split.npz
  nested calibration from frozen val: cal=64 val=576
  train=1920 val=576 cal=64 test=640 (val positives=119 patients=1920)

[1/30]   3%|▎          [00:00<?]
Epoch [1/15]: [1/30]   3%|▎          [00:00<?]
Epoch [1/15]: [1/30]   3%|▎          [00:01<?]
Epoch [1/15]: [2/30]   7%|▋          [00:01<00:37]
Epoch [1/15]: [2/30]   7%|▋          [00:02<00:37]
Epoch [1/15]: [3/30]  10%|█          [00:02<00:35]
Epoch [1/15]: [3/30]  10%|█          [00:03<00:35]
Epoch [1/15]: [4/30]  13%|█▎         [00:03<00:33]
Epoch [1/15]: [4/30]  13%|█▎         [00:05<00:33]
Epoch [1/15]: [5/30]  17%|█▋         [00:05<00:32]
Epoch [1/15]: [5/30]  17%|█▋         [00:06<00:32]
Epoch [1/15]: [6/30]  20%|██         [00:06<00:31]
Epoch [1/15]: [6/30]  20%|██         [00:08<00:31]
Epoch [1/15]: [7/30]  23%|██▎        [00:08<00:31]
Epoch [1/15]: [7/30]  23%|██▎        [00:09<00:31]
Epoch [1/15]: [8/30]  27%|██▋        [00:09<00:30]
Epoch [1/15]: [8/30]  27%|██▋        [00:10<00:30]
Epoch [1/15]: [9/30]  30%|███        [00:10<00:28]
Epoch [1/15]: [9/30]  30%|███        [00:12<00:28]
Epoch [1/15]: [10/30]  33%|███▎       [00:12<00:26]
Epoch [1/15]: [10/30]  33%|███▎       [00:13<00:26]
Epoch [1/15]: [11/30]  37%|███▋       [00:13<00:25]
Epoch [1/15]: [11/30]  37%|███▋       [00:14<00:25]
Epoch [1/15]: [12/30]  40%|████       [00:14<00:23]
Epoch [1/15]: [12/30]  40%|████       [00:15<00:23]
Epoch [1/15]: [13/30]  43%|████▎      [00:15<00:22]
Epoch [1/15]: [13/30]  43%|████▎      [00:17<00:22]
Epoch [1/15]: [14/30]  47%|████▋      [00:17<00:20]
Epoch [1/15]: [14/30]  47%|████▋      [00:18<00:20]
Epoch [1/15]: [15/30]  50%|█████      [00:18<00:19]
Epoch [1/15]: [15/30]  50%|█████      [00:20<00:19]
Epoch [1/15]: [16/30]  53%|█████▎     [00:20<00:19]
Epoch [1/15]: [16/30]  53%|█████▎     [00:21<00:19]
Epoch [1/15]: [17/30]  57%|█████▋     [00:21<00:19]
Epoch [1/15]: [17/30]  57%|█████▋     [00:23<00:19]
Epoch [1/15]: [18/30]  60%|██████     [00:23<00:18]
Epoch [1/15]: [18/30]  60%|██████     [00:25<00:18]
Epoch [1/15]: [19/30]  63%|██████▎    [00:25<00:17]
Epoch [1/15]: [19/30]  63%|██████▎    [00:26<00:17]
Epoch [1/15]: [20/30]  67%|██████▋    [00:26<00:16]
Epoch [1/15]: [20/30]  67%|██████▋    [00:28<00:16]
Epoch [1/15]: [21/30]  70%|███████    [00:28<00:14]
Epoch [1/15]: [21/30]  70%|███████    [00:29<00:14]
Epoch [1/15]: [22/30]  73%|███████▎   [00:29<00:11]
Epoch [1/15]: [22/30]  73%|███████▎   [00:30<00:11]
Epoch [1/15]: [23/30]  77%|███████▋   [00:30<00:10]
Epoch [1/15]: [23/30]  77%|███████▋   [00:32<00:10]
Epoch [1/15]: [24/30]  80%|████████   [00:32<00:09]
Epoch [1/15]: [24/30]  80%|████████   [00:34<00:09]
Epoch [1/15]: [25/30]  83%|████████▎  [00:34<00:07]
Epoch [1/15]: [25/30]  83%|████████▎  [00:35<00:07]
Epoch [1/15]: [26/30]  87%|████████▋  [00:35<00:06]
Epoch [1/15]: [26/30]  87%|████████▋  [00:37<00:06]
Epoch [1/15]: [27/30]  90%|█████████  [00:37<00:04]
Epoch [1/15]: [27/30]  90%|█████████  [00:38<00:04]
Epoch [1/15]: [28/30]  93%|█████████▎ [00:38<00:02]
Epoch [1/15]: [28/30]  93%|█████████▎ [00:39<00:02]
Epoch [1/15]: [29/30]  97%|█████████▋ [00:39<00:01]
Epoch [1/15]: [29/30]  97%|█████████▋ [00:41<00:01]
Epoch [1/15]: [30/30] 100%|██████████ [00:41<00:00]
                                                   

[1/9]  11%|█          [00:00<?]
Iteration: [1/9]  11%|█          [00:00<?]
Iteration: [1/9]  11%|█          [00:00<?]
Iteration: [2/9]  22%|██▏        [00:00<00:02]
Iteration: [2/9]  22%|██▏        [00:00<00:02]
Iteration: [3/9]  33%|███▎       [00:00<00:02]
Iteration: [3/9]  33%|███▎       [00:01<00:02]
Iteration: [4/9]  44%|████▍      [00:01<00:01]
Iteration: [4/9]  44%|████▍      [00:01<00:01]
Iteration: [5/9]  56%|█████▌     [00:01<00:01]
Iteration: [5/9]  56%|█████▌     [00:01<00:01]
Iteration: [6/9]  67%|██████▋    [00:01<00:01]
Iteration: [6/9]  67%|██████▋    [00:02<00:01]
Iteration: [7/9]  78%|███████▊   [00:02<00:00]
Iteration: [7/9]  78%|███████▊   [00:02<00:00]
Iteration: [8/9]  89%|████████▉  [00:02<00:00]
Iteration: [8/9]  89%|████████▉  [00:02<00:00]
Iteration: [9/9] 100%|██████████ [00:02<00:00]
                                              

[1/30]   3%|▎          [00:00<?]
Epoch [2/15]: [1/30]   3%|▎          [00:00<?]
Epoch [2/15]: [1/30]   3%|▎          [00:01<?]
Epoch [2/15]: [2/30]   7%|▋          [00:01<00:35]
Epoch [2/15]: [2/30]   7%|▋          [00:02<00:35]
Epoch [2/15]: [3/30]  10%|█          [00:02<00:34]
Epoch [2/15]: [3/30]  10%|█          [00:03<00:34]
Epoch [2/15]: [4/30]  13%|█▎         [00:03<00:33]
Epoch [2/15]: [4/30]  13%|█▎         [00:05<00:33]
Epoch [2/15]: [5/30]  17%|█▋         [00:05<00:31]
Epoch [2/15]: [5/30]  17%|█▋         [00:06<00:31]
Epoch [2/15]: [6/30]  20%|██         [00:06<00:30]
Epoch [2/15]: [6/30]  20%|██         [00:07<00:30]
Epoch [2/15]: [7/30]  23%|██▎        [00:07<00:29]
Epoch [2/15]: [7/30]  23%|██▎        [00:08<00:29]
Epoch [2/15]: [8/30]  27%|██▋        [00:08<00:27]
Epoch [2/15]: [8/30]  27%|██▋        [00:10<00:27]
Epoch [2/15]: [9/30]  30%|███        [00:10<00:26]
Epoch [2/15]: [9/30]  30%|███        [00:11<00:26]
Epoch [2/15]: [10/30]  33%|███▎       [00:11<00:25]
Epoch [2/15]: [10/30]  33%|███▎       [00:12<00:25]
Epoch [2/15]: [11/30]  37%|███▋       [00:12<00:24]
Epoch [2/15]: [11/30]  37%|███▋       [00:13<00:24]
Epoch [2/15]: [12/30]  40%|████       [00:13<00:22]
Epoch [2/15]: [12/30]  40%|████       [00:15<00:22]
Epoch [2/15]: [13/30]  43%|████▎      [00:15<00:21]
Epoch [2/15]: [13/30]  43%|████▎      [00:16<00:21]
Epoch [2/15]: [14/30]  47%|████▋      [00:16<00:20]
Epoch [2/15]: [14/30]  47%|████▋      [00:17<00:20]
Epoch [2/15]: [15/30]  50%|█████      [00:17<00:19]
Epoch [2/15]: [15/30]  50%|█████      [00:18<00:19]
Epoch [2/15]: [16/30]  53%|█████▎     [00:18<00:17]
Epoch [2/15]: [16/30]  53%|█████▎     [00:20<00:17]
Epoch [2/15]: [17/30]  57%|█████▋     [00:20<00:16]
Epoch [2/15]: [17/30]  57%|█████▋     [00:21<00:16]
Epoch [2/15]: [18/30]  60%|██████     [00:21<00:15]
Epoch [2/15]: [18/30]  60%|██████     [00:22<00:15]
Epoch [2/15]: [19/30]  63%|██████▎    [00:22<00:13]
Epoch [2/15]: [19/30]  63%|██████▎    [00:24<00:13]
Epoch [2/15]: [20/30]  67%|██████▋    [00:24<00:12]
Epoch [2/15]: [20/30]  67%|██████▋    [00:25<00:12]
Epoch [2/15]: [21/30]  70%|███████    [00:25<00:11]
Epoch [2/15]: [21/30]  70%|███████    [00:26<00:11]
Epoch [2/15]: [22/30]  73%|███████▎   [00:26<00:10]
Epoch [2/15]: [22/30]  73%|███████▎   [00:27<00:10]
Epoch [2/15]: [23/30]  77%|███████▋   [00:27<00:09]
Epoch [2/15]: [23/30]  77%|███████▋   [00:29<00:09]
Epoch [2/15]: [24/30]  80%|████████   [00:29<00:07]
Epoch [2/15]: [24/30]  80%|████████   [00:30<00:07]
Epoch [2/15]: [25/30]  83%|████████▎  [00:30<00:06]
Epoch [2/15]: [25/30]  83%|████████▎  [00:31<00:06]
Epoch [2/15]: [26/30]  87%|████████▋  [00:31<00:05]
Epoch [2/15]: [26/30]  87%|████████▋  [00:33<00:05]
Epoch [2/15]: [27/30]  90%|█████████  [00:33<00:03]
Epoch [2/15]: [27/30]  90%|█████████  [00:34<00:03]
Epoch [2/15]: [28/30]  93%|█████████▎ [00:34<00:02]
Epoch [2/15]: [28/30]  93%|█████████▎ [00:35<00:02]
Epoch [2/15]: [29/30]  97%|█████████▋ [00:35<00:01]
Epoch [2/15]: [29/30]  97%|█████████▋ [00:36<00:01]
Epoch [2/15]: [30/30] 100%|██████████ [00:36<00:00]
                                                   

[1/9]  11%|█          [00:00<?]
Iteration: [1/9]  11%|█          [00:00<?]
Iteration: [1/9]  11%|█          [00:00<?]
Iteration: [2/9]  22%|██▏        [00:00<00:02]
Iteration: [2/9]  22%|██▏        [00:00<00:02]
Iteration: [3/9]  33%|███▎       [00:00<00:02]
Iteration: [3/9]  33%|███▎       [00:01<00:02]
Iteration: [4/9]  44%|████▍      [00:01<00:01]
Iteration: [4/9]  44%|████▍      [00:01<00:01]
Iteration: [5/9]  56%|█████▌     [00:01<00:01]
Iteration: [5/9]  56%|█████▌     [00:01<00:01]
Iteration: [6/9]  67%|██████▋    [00:01<00:01]
Iteration: [6/9]  67%|██████▋    [00:02<00:01]
Iteration: [7/9]  78%|███████▊   [00:02<00:00]
Iteration: [7/9]  78%|███████▊   [00:02<00:00]
Iteration: [8/9]  89%|████████▉  [00:02<00:00]
Iteration: [8/9]  89%|████████▉  [00:02<00:00]
Iteration: [9/9] 100%|██████████ [00:02<00:00]
                                              

[1/30]   3%|▎          [00:00<?]
Epoch [3/15]: [1/30]   3%|▎          [00:00<?]
Epoch [3/15]: [1/30]   3%|▎          [00:01<?]
Epoch [3/15]: [2/30]   7%|▋          [00:01<00:36]
Epoch [3/15]: [2/30]   7%|▋          [00:02<00:36]
Epoch [3/15]: [3/30]  10%|█          [00:02<00:34]
Epoch [3/15]: [3/30]  10%|█          [00:03<00:34]
Epoch [3/15]: [4/30]  13%|█▎         [00:03<00:33]
Epoch [3/15]: [4/30]  13%|█▎         [00:05<00:33]
Epoch [3/15]: [5/30]  17%|█▋         [00:05<00:31]
Epoch [3/15]: [5/30]  17%|█▋         [00:06<00:31]
Epoch [3/15]: [6/30]  20%|██         [00:06<00:30]
Epoch [3/15]: [6/30]  20%|██         [00:07<00:30]
Epoch [3/15]: [7/30]  23%|██▎        [00:07<00:28]
Epoch [3/15]: [7/30]  23%|██▎        [00:08<00:28]
Epoch [3/15]: [8/30]  27%|██▋        [00:08<00:27]
Epoch [3/15]: [8/30]  27%|██▋        [00:10<00:27]
Epoch [3/15]: [9/30]  30%|███        [00:10<00:26]
Epoch [3/15]: [9/30]  30%|███        [00:11<00:26]
Epoch [3/15]: [10/30]  33%|███▎       [00:11<00:25]
Epoch [3/15]: [10/30]  33%|███▎       [00:12<00:25]
Epoch [3/15]: [11/30]  37%|███▋       [00:12<00:24]
Epoch [3/15]: [11/30]  37%|███▋       [00:13<00:24]
Epoch [3/15]: [12/30]  40%|████       [00:13<00:22]
Epoch [3/15]: [12/30]  40%|████       [00:15<00:22]
Epoch [3/15]: [13/30]  43%|████▎      [00:15<00:21]
Epoch [3/15]: [13/30]  43%|████▎      [00:16<00:21]
Epoch [3/15]: [14/30]  47%|████▋      [00:16<00:20]
Epoch [3/15]: [14/30]  47%|████▋      [00:17<00:20]
Epoch [3/15]: [15/30]  50%|█████      [00:17<00:19]
Epoch [3/15]: [15/30]  50%|█████      [00:18<00:19]
Epoch [3/15]: [16/30]  53%|█████▎     [00:18<00:17]
Epoch [3/15]: [16/30]  53%|█████▎     [00:20<00:17]
Epoch [3/15]: [17/30]  57%|█████▋     [00:20<00:17]
Epoch [3/15]: [17/30]  57%|█████▋     [00:21<00:17]
Epoch [3/15]: [18/30]  60%|██████     [00:21<00:16]
Epoch [3/15]: [18/30]  60%|██████     [00:23<00:16]
Epoch [3/15]: [19/30]  63%|██████▎    [00:23<00:14]
Epoch [3/15]: [19/30]  63%|██████▎    [00:24<00:14]
Epoch [3/15]: [20/30]  67%|██████▋    [00:24<00:13]
Epoch [3/15]: [20/30]  67%|██████▋    [00:25<00:13]
Epoch [3/15]: [21/30]  70%|███████    [00:25<00:11]
Epoch [3/15]: [21/30]  70%|███████    [00:26<00:11]
Epoch [3/15]: [22/30]  73%|███████▎   [00:26<00:10]
Epoch [3/15]: [22/30]  73%|███████▎   [00:28<00:10]
Epoch [3/15]: [23/30]  77%|███████▋   [00:28<00:09]
Epoch [3/15]: [23/30]  77%|███████▋   [00:29<00:09]
Epoch [3/15]: [24/30]  80%|████████   [00:29<00:07]
Epoch [3/15]: [24/30]  80%|████████   [00:31<00:07]
Epoch [3/15]: [25/30]  83%|████████▎  [00:31<00:06]
Epoch [3/15]: [25/30]  83%|████████▎  [00:32<00:06]
Epoch [3/15]: [26/30]  87%|████████▋  [00:32<00:05]
Epoch [3/15]: [26/30]  87%|████████▋  [00:33<00:05]
Epoch [3/15]: [27/30]  90%|█████████  [00:33<00:04]
Epoch [3/15]: [27/30]  90%|█████████  [00:35<00:04]
Epoch [3/15]: [28/30]  93%|█████████▎ [00:35<00:02]
Epoch [3/15]: [28/30]  93%|█████████▎ [00:36<00:02]
Epoch [3/15]: [29/30]  97%|█████████▋ [00:36<00:01]
Epoch [3/15]: [29/30]  97%|█████████▋ [00:37<00:01]
Epoch [3/15]: [30/30] 100%|██████████ [00:37<00:00]
                                                   

[1/9]  11%|█          [00:00<?]
Iteration: [1/9]  11%|█          [00:00<?]
Iteration: [1/9]  11%|█          [00:00<?]
Iteration: [2/9]  22%|██▏        [00:00<00:02]
Iteration: [2/9]  22%|██▏        [00:00<00:02]
Iteration: [3/9]  33%|███▎       [00:00<00:02]
Iteration: [3/9]  33%|███▎       [00:01<00:02]
Iteration: [4/9]  44%|████▍      [00:01<00:01]
Iteration: [4/9]  44%|████▍      [00:01<00:01]
Iteration: [5/9]  56%|█████▌     [00:01<00:01]
Iteration: [5/9]  56%|█████▌     [00:01<00:01]
Iteration: [6/9]  67%|██████▋    [00:01<00:01]
Iteration: [6/9]  67%|██████▋    [00:02<00:01]
Iteration: [7/9]  78%|███████▊   [00:02<00:00]
Iteration: [7/9]  78%|███████▊   [00:02<00:00]
Iteration: [8/9]  89%|████████▉  [00:02<00:00]
Iteration: [8/9]  89%|████████▉  [00:02<00:00]
Iteration: [9/9] 100%|██████████ [00:02<00:00]
                                              

[1/30]   3%|▎          [00:00<?]
Epoch [4/15]: [1/30]   3%|▎          [00:00<?]
Epoch [4/15]: [1/30]   3%|▎          [00:01<?]
Epoch [4/15]: [2/30]   7%|▋          [00:01<00:35]
Epoch [4/15]: [2/30]   7%|▋          [00:02<00:35]
Epoch [4/15]: [3/30]  10%|█          [00:02<00:34]
Epoch [4/15]: [3/30]  10%|█          [00:03<00:34]
Epoch [4/15]: [4/30]  13%|█▎         [00:03<00:32]
Epoch [4/15]: [4/30]  13%|█▎         [00:05<00:32]
Epoch [4/15]: [5/30]  17%|█▋         [00:05<00:31]
Epoch [4/15]: [5/30]  17%|█▋         [00:06<00:31]
Epoch [4/15]: [6/30]  20%|██         [00:06<00:30]
Epoch [4/15]: [6/30]  20%|██         [00:07<00:30]
Epoch [4/15]: [7/30]  23%|██▎        [00:07<00:29]
Epoch [4/15]: [7/30]  23%|██▎        [00:09<00:29]
Epoch [4/15]: [8/30]  27%|██▋        [00:09<00:31]
Epoch [4/15]: [8/30]  27%|██▋        [00:11<00:31]
Epoch [4/15]: [9/30]  30%|███        [00:11<00:32]
Epoch [4/15]: [9/30]  30%|███        [00:12<00:32]
Epoch [4/15]: [10/30]  33%|███▎       [00:12<00:31]
Epoch [4/15]: [10/30]  33%|███▎       [00:14<00:31]
Epoch [4/15]: [11/30]  37%|███▋       [00:14<00:29]
Epoch [4/15]: [11/30]  37%|███▋       [00:15<00:29]
Epoch [4/15]: [12/30]  40%|████       [00:15<00:26]
Epoch [4/15]: [12/30]  40%|████       [00:16<00:26]
Epoch [4/15]: [13/30]  43%|████▎      [00:16<00:24]
Epoch [4/15]: [13/30]  43%|████▎      [00:18<00:24]
Epoch [4/15]: [14/30]  47%|████▋      [00:18<00:22]
Epoch [4/15]: [14/30]  47%|████▋      [00:19<00:22]
Epoch [4/15]: [15/30]  50%|█████      [00:19<00:20]
Epoch [4/15]: [15/30]  50%|█████      [00:20<00:20]
Epoch [4/15]: [16/30]  53%|█████▎     [00:20<00:18]
Epoch [4/15]: [16/30]  53%|█████▎     [00:22<00:18]
Epoch [4/15]: [17/30]  57%|█████▋     [00:22<00:17]
Epoch [4/15]: [17/30]  57%|█████▋     [00:23<00:17]
Epoch [4/15]: [18/30]  60%|██████     [00:23<00:16]
Epoch [4/15]: [18/30]  60%|██████     [00:24<00:16]
Epoch [4/15]: [19/30]  63%|██████▎    [00:24<00:14]
Epoch [4/15]: [19/30]  63%|██████▎    [00:26<00:14]
Epoch [4/15]: [20/30]  67%|██████▋    [00:26<00:14]
Epoch [4/15]: [20/30]  67%|██████▋    [00:27<00:14]
Epoch [4/15]: [21/30]  70%|███████    [00:27<00:13]
Epoch [4/15]: [21/30]  70%|███████    [00:29<00:13]
Epoch [4/15]: [22/30]  73%|███████▎   [00:29<00:11]
Epoch [4/15]: [22/30]  73%|███████▎   [00:30<00:11]
Epoch [4/15]: [23/30]  77%|███████▋   [00:30<00:09]
Epoch [4/15]: [23/30]  77%|███████▋   [00:31<00:09]
Epoch [4/15]: [24/30]  80%|████████   [00:31<00:07]
Epoch [4/15]: [24/30]  80%|████████   [00:32<00:07]
Epoch [4/15]: [25/30]  83%|████████▎  [00:32<00:06]
Epoch [4/15]: [25/30]  83%|████████▎  [00:34<00:06]
Epoch [4/15]: [26/30]  87%|████████▋  [00:34<00:05]
Epoch [4/15]: [26/30]  87%|████████▋  [00:35<00:05]
Epoch [4/15]: [27/30]  90%|█████████  [00:35<00:03]
Epoch [4/15]: [27/30]  90%|█████████  [00:36<00:03]
Epoch [4/15]: [28/30]  93%|█████████▎ [00:36<00:02]
Epoch [4/15]: [28/30]  93%|█████████▎ [00:38<00:02]
Epoch [4/15]: [29/30]  97%|█████████▋ [00:38<00:01]
Epoch [4/15]: [29/30]  97%|█████████▋ [00:39<00:01]
Epoch [4/15]: [30/30] 100%|██████████ [00:39<00:00]
                                                   

[1/9]  11%|█          [00:00<?]
Iteration: [1/9]  11%|█          [00:00<?]
Iteration: [1/9]  11%|█          [00:00<?]
Iteration: [2/9]  22%|██▏        [00:00<00:02]
Iteration: [2/9]  22%|██▏        [00:00<00:02]
Iteration: [3/9]  33%|███▎       [00:00<00:02]
Iteration: [3/9]  33%|███▎       [00:01<00:02]
Iteration: [4/9]  44%|████▍      [00:01<00:01]
Iteration: [4/9]  44%|████▍      [00:01<00:01]
Iteration: [5/9]  56%|█████▌     [00:01<00:01]
Iteration: [5/9]  56%|█████▌     [00:01<00:01]
Iteration: [6/9]  67%|██████▋    [00:01<00:01]
Iteration: [6/9]  67%|██████▋    [00:02<00:01]
Iteration: [7/9]  78%|███████▊   [00:02<00:00]
Iteration: [7/9]  78%|███████▊   [00:02<00:00]
Iteration: [8/9]  89%|████████▉  [00:02<00:00]
Iteration: [8/9]  89%|████████▉  [00:02<00:00]
Iteration: [9/9] 100%|██████████ [00:02<00:00]
                                              

[1/30]   3%|▎          [00:00<?]
Epoch [5/15]: [1/30]   3%|▎          [00:00<?]
Epoch [5/15]: [1/30]   3%|▎          [00:01<?]
Epoch [5/15]: [2/30]   7%|▋          [00:01<00:43]
Epoch [5/15]: [2/30]   7%|▋          [00:03<00:43]
Epoch [5/15]: [3/30]  10%|█          [00:03<00:40]
Epoch [5/15]: [3/30]  10%|█          [00:04<00:40]
Epoch [5/15]: [4/30]  13%|█▎         [00:04<00:38]
Epoch [5/15]: [4/30]  13%|█▎         [00:06<00:38]
Epoch [5/15]: [5/30]  17%|█▋         [00:06<00:37]
Epoch [5/15]: [5/30]  17%|█▋         [00:07<00:37]
Epoch [5/15]: [6/30]  20%|██         [00:07<00:35]
Epoch [5/15]: [6/30]  20%|██         [00:08<00:35]
Epoch [5/15]: [7/30]  23%|██▎        [00:08<00:34]
Epoch [5/15]: [7/30]  23%|██▎        [00:10<00:34]
Epoch [5/15]: [8/30]  27%|██▋        [00:10<00:32]
Epoch [5/15]: [8/30]  27%|██▋        [00:11<00:32]
Epoch [5/15]: [9/30]  30%|███        [00:11<00:29]
Epoch [5/15]: [9/30]  30%|███        [00:13<00:29]
Epoch [5/15]: [10/30]  33%|███▎       [00:13<00:27]
Epoch [5/15]: [10/30]  33%|███▎       [00:14<00:27]
Epoch [5/15]: [11/30]  37%|███▋       [00:14<00:26]
Epoch [5/15]: [11/30]  37%|███▋       [00:16<00:26]
Epoch [5/15]: [12/30]  40%|████       [00:16<00:26]
Epoch [5/15]: [12/30]  40%|████       [00:17<00:26]
Epoch [5/15]: [13/30]  43%|████▎      [00:17<00:24]
Epoch [5/15]: [13/30]  43%|████▎      [00:19<00:24]
Epoch [5/15]: [14/30]  47%|████▋      [00:19<00:23]
Epoch [5/15]: [14/30]  47%|████▋      [00:20<00:23]
Epoch [5/15]: [15/30]  50%|█████      [00:20<00:22]
Epoch [5/15]: [15/30]  50%|█████      [00:22<00:22]
Epoch [5/15]: [16/30]  53%|█████▎     [00:22<00:21]
Epoch [5/15]: [16/30]  53%|█████▎     [00:23<00:21]
Epoch [5/15]: [17/30]  57%|█████▋     [00:23<00:20]
Epoch [5/15]: [17/30]  57%|█████▋     [00:25<00:20]
Epoch [5/15]: [18/30]  60%|██████     [00:25<00:18]
Epoch [5/15]: [18/30]  60%|██████     [00:26<00:18]
Epoch [5/15]: [19/30]  63%|██████▎    [00:26<00:16]
Epoch [5/15]: [19/30]  63%|██████▎    [00:28<00:16]
Epoch [5/15]: [20/30]  67%|██████▋    [00:28<00:15]
Epoch [5/15]: [20/30]  67%|██████▋    [00:29<00:15]
Epoch [5/15]: [21/30]  70%|███████    [00:29<00:13]
Epoch [5/15]: [21/30]  70%|███████    [00:30<00:13]
Epoch [5/15]: [22/30]  73%|███████▎   [00:30<00:11]
Epoch [5/15]: [22/30]  73%|███████▎   [00:32<00:11]
Epoch [5/15]: [23/30]  77%|███████▋   [00:32<00:10]
Epoch [5/15]: [23/30]  77%|███████▋   [00:33<00:10]
Epoch [5/15]: [24/30]  80%|████████   [00:33<00:08]
Epoch [5/15]: [24/30]  80%|████████   [00:35<00:08]
Epoch [5/15]: [25/30]  83%|████████▎  [00:35<00:07]
Epoch [5/15]: [25/30]  83%|████████▎  [00:37<00:07]
Epoch [5/15]: [26/30]  87%|████████▋  [00:37<00:06]
Epoch [5/15]: [26/30]  87%|████████▋  [00:38<00:06]
Epoch [5/15]: [27/30]  90%|█████████  [00:38<00:04]
Epoch [5/15]: [27/30]  90%|█████████  [00:40<00:04]
Epoch [5/15]: [28/30]  93%|█████████▎ [00:40<00:02]
Epoch [5/15]: [28/30]  93%|█████████▎ [00:41<00:02]
Epoch [5/15]: [29/30]  97%|█████████▋ [00:41<00:01]
Epoch [5/15]: [29/30]  97%|█████████▋ [00:43<00:01]
Epoch [5/15]: [30/30] 100%|██████████ [00:43<00:00]
                                                   

[1/9]  11%|█          [00:00<?]
Iteration: [1/9]  11%|█          [00:00<?]
Iteration: [1/9]  11%|█          [00:00<?]
Iteration: [2/9]  22%|██▏        [00:00<00:02]
Iteration: [2/9]  22%|██▏        [00:00<00:02]
Iteration: [3/9]  33%|███▎       [00:00<00:02]
Iteration: [3/9]  33%|███▎       [00:01<00:02]
Iteration: [4/9]  44%|████▍      [00:01<00:01]
Iteration: [4/9]  44%|████▍      [00:01<00:01]
Iteration: [5/9]  56%|█████▌     [00:01<00:01]
Iteration: [5/9]  56%|█████▌     [00:01<00:01]
Iteration: [6/9]  67%|██████▋    [00:01<00:01]
Iteration: [6/9]  67%|██████▋    [00:02<00:01]
Iteration: [7/9]  78%|███████▊   [00:02<00:00]
Iteration: [7/9]  78%|███████▊   [00:02<00:00]
Iteration: [8/9]  89%|████████▉  [00:02<00:00]
Iteration: [8/9]  89%|████████▉  [00:02<00:00]
Iteration: [9/9] 100%|██████████ [00:02<00:00]
                                              

[1/30]   3%|▎          [00:00<?]
Epoch [6/15]: [1/30]   3%|▎          [00:00<?]
Epoch [6/15]: [1/30]   3%|▎          [00:01<?]
Epoch [6/15]: [2/30]   7%|▋          [00:01<00:35]
Epoch [6/15]: [2/30]   7%|▋          [00:02<00:35]
Epoch [6/15]: [3/30]  10%|█          [00:02<00:34]
Epoch [6/15]: [3/30]  10%|█          [00:03<00:34]
Epoch [6/15]: [4/30]  13%|█▎         [00:03<00:32]
Epoch [6/15]: [4/30]  13%|█▎         [00:05<00:32]
Epoch [6/15]: [5/30]  17%|█▋         [00:05<00:33]
Epoch [6/15]: [5/30]  17%|█▋         [00:06<00:33]
Epoch [6/15]: [6/30]  20%|██         [00:06<00:33]
Epoch [6/15]: [6/30]  20%|██         [00:08<00:33]
Epoch [6/15]: [7/30]  23%|██▎        [00:08<00:31]
Epoch [6/15]: [7/30]  23%|██▎        [00:09<00:31]
Epoch [6/15]: [8/30]  27%|██▋        [00:09<00:32]
Epoch [6/15]: [8/30]  27%|██▋        [00:11<00:32]
Epoch [6/15]: [9/30]  30%|███        [00:11<00:31]
Epoch [6/15]: [9/30]  30%|███        [00:13<00:31]
Epoch [6/15]: [10/30]  33%|███▎       [00:13<00:31]
Epoch [6/15]: [10/30]  33%|███▎       [00:14<00:31]
Epoch [6/15]: [11/30]  37%|███▋       [00:14<00:29]
Epoch [6/15]: [11/30]  37%|███▋       [00:16<00:29]
Epoch [6/15]: [12/30]  40%|████       [00:16<00:28]
Epoch [6/15]: [12/30]  40%|████       [00:17<00:28]
Epoch [6/15]: [13/30]  43%|████▎      [00:17<00:27]
Epoch [6/15]: [13/30]  43%|████▎      [00:19<00:27]
Epoch [6/15]: [14/30]  47%|████▋      [00:19<00:26]
Epoch [6/15]: [14/30]  47%|████▋      [00:21<00:26]
Epoch [6/15]: [15/30]  50%|█████      [00:21<00:24]
Epoch [6/15]: [15/30]  50%|█████      [00:22<00:24]
Epoch [6/15]: [16/30]  53%|█████▎     [00:22<00:23]
Epoch [6/15]: [16/30]  53%|█████▎     [00:24<00:23]
Epoch [6/15]: [17/30]  57%|█████▋     [00:24<00:20]
Epoch [6/15]: [17/30]  57%|█████▋     [00:25<00:20]
Epoch [6/15]: [18/30]  60%|██████     [00:25<00:19]
Epoch [6/15]: [18/30]  60%|██████     [00:27<00:19]
Epoch [6/15]: [19/30]  63%|██████▎    [00:27<00:18]
Epoch [6/15]: [19/30]  63%|██████▎    [00:29<00:18]
Epoch [6/15]: [20/30]  67%|██████▋    [00:29<00:16]
Epoch [6/15]: [20/30]  67%|██████▋    [00:30<00:16]
Epoch [6/15]: [21/30]  70%|███████    [00:30<00:14]
Epoch [6/15]: [21/30]  70%|███████    [00:32<00:14]
Epoch [6/15]: [22/30]  73%|███████▎   [00:32<00:12]
Epoch [6/15]: [22/30]  73%|███████▎   [00:33<00:12]
Epoch [6/15]: [23/30]  77%|███████▋   [00:33<00:10]
Epoch [6/15]: [23/30]  77%|███████▋   [00:35<00:10]
Epoch [6/15]: [24/30]  80%|████████   [00:35<00:09]
Epoch [6/15]: [24/30]  80%|████████   [00:37<00:09]
Epoch [6/15]: [25/30]  83%|████████▎  [00:37<00:08]
Epoch [6/15]: [25/30]  83%|████████▎  [00:38<00:08]
Epoch [6/15]: [26/30]  87%|████████▋  [00:38<00:06]
Epoch [6/15]: [26/30]  87%|████████▋  [00:40<00:06]
Epoch [6/15]: [27/30]  90%|█████████  [00:40<00:04]
Epoch [6/15]: [27/30]  90%|█████████  [00:42<00:04]
Epoch [6/15]: [28/30]  93%|█████████▎ [00:42<00:03]
Epoch [6/15]: [28/30]  93%|█████████▎ [00:43<00:03]
Epoch [6/15]: [29/30]  97%|█████████▋ [00:43<00:01]
Epoch [6/15]: [29/30]  97%|█████████▋ [00:45<00:01]
Epoch [6/15]: [30/30] 100%|██████████ [00:45<00:00]
                                                   

[1/9]  11%|█          [00:00<?]
Iteration: [1/9]  11%|█          [00:00<?]
Iteration: [1/9]  11%|█          [00:00<?]
Iteration: [2/9]  22%|██▏        [00:00<00:02]
Iteration: [2/9]  22%|██▏        [00:00<00:02]
Iteration: [3/9]  33%|███▎       [00:00<00:02]
Iteration: [3/9]  33%|███▎       [00:01<00:02]
Iteration: [4/9]  44%|████▍      [00:01<00:01]
Iteration: [4/9]  44%|████▍      [00:01<00:01]
Iteration: [5/9]  56%|█████▌     [00:01<00:01]
Iteration: [5/9]  56%|█████▌     [00:01<00:01]
Iteration: [6/9]  67%|██████▋    [00:01<00:01]
Iteration: [6/9]  67%|██████▋    [00:02<00:01]
Iteration: [7/9]  78%|███████▊   [00:02<00:00]
Iteration: [7/9]  78%|███████▊   [00:02<00:00]
Iteration: [8/9]  89%|████████▉  [00:02<00:00]
Iteration: [8/9]  89%|████████▉  [00:02<00:00]
Iteration: [9/9] 100%|██████████ [00:02<00:00]
                                              

[1/30]   3%|▎          [00:00<?]
Epoch [7/15]: [1/30]   3%|▎          [00:00<?]
Epoch [7/15]: [1/30]   3%|▎          [00:01<?]
Epoch [7/15]: [2/30]   7%|▋          [00:01<00:40]
Epoch [7/15]: [2/30]   7%|▋          [00:02<00:40]
Epoch [7/15]: [3/30]  10%|█          [00:02<00:36]
Epoch [7/15]: [3/30]  10%|█          [00:04<00:36]
Epoch [7/15]: [4/30]  13%|█▎         [00:04<00:38]
Epoch [7/15]: [4/30]  13%|█▎         [00:05<00:38]
Epoch [7/15]: [5/30]  17%|█▋         [00:05<00:36]
Epoch [7/15]: [5/30]  17%|█▋         [00:07<00:36]
Epoch [7/15]: [6/30]  20%|██         [00:07<00:35]
Epoch [7/15]: [6/30]  20%|██         [00:08<00:35]
Epoch [7/15]: [7/30]  23%|██▎        [00:08<00:32]
Epoch [7/15]: [7/30]  23%|██▎        [00:10<00:32]
Epoch [7/15]: [8/30]  27%|██▋        [00:10<00:31]
Epoch [7/15]: [8/30]  27%|██▋        [00:11<00:31]
Epoch [7/15]: [9/30]  30%|███        [00:11<00:31]
Epoch [7/15]: [9/30]  30%|███        [00:13<00:31]
Epoch [7/15]: [10/30]  33%|███▎       [00:13<00:32]
Epoch [7/15]: [10/30]  33%|███▎       [00:15<00:32]
Epoch [7/15]: [11/30]  37%|███▋       [00:15<00:30]
Epoch [7/15]: [11/30]  37%|███▋       [00:16<00:30]
Epoch [7/15]: [12/30]  40%|████       [00:16<00:28]
Epoch [7/15]: [12/30]  40%|████       [00:18<00:28]
Epoch [7/15]: [13/30]  43%|████▎      [00:18<00:25]
Epoch [7/15]: [13/30]  43%|████▎      [00:19<00:25]
Epoch [7/15]: [14/30]  47%|████▋      [00:19<00:25]
Epoch [7/15]: [14/30]  47%|████▋      [00:21<00:25]
Epoch [7/15]: [15/30]  50%|█████      [00:21<00:23]
Epoch [7/15]: [15/30]  50%|█████      [00:22<00:23]
Epoch [7/15]: [16/30]  53%|█████▎     [00:22<00:21]
Epoch [7/15]: [16/30]  53%|█████▎     [00:24<00:21]
Epoch [7/15]: [17/30]  57%|█████▋     [00:24<00:20]
Epoch [7/15]: [17/30]  57%|█████▋     [00:26<00:20]
Epoch [7/15]: [18/30]  60%|██████     [00:26<00:19]
Epoch [7/15]: [18/30]  60%|██████     [00:28<00:19]
Epoch [7/15]: [19/30]  63%|██████▎    [00:28<00:18]
Epoch [7/15]: [19/30]  63%|██████▎    [00:29<00:18]
Epoch [7/15]: [20/30]  67%|██████▋    [00:29<00:16]
Epoch [7/15]: [20/30]  67%|██████▋    [00:30<00:16]
Epoch [7/15]: [21/30]  70%|███████    [00:30<00:14]
Epoch [7/15]: [21/30]  70%|███████    [00:32<00:14]
Epoch [7/15]: [22/30]  73%|███████▎   [00:32<00:13]
Epoch [7/15]: [22/30]  73%|███████▎   [00:34<00:13]
Epoch [7/15]: [23/30]  77%|███████▋   [00:34<00:11]
Epoch [7/15]: [23/30]  77%|███████▋   [00:35<00:11]
Epoch [7/15]: [24/30]  80%|████████   [00:35<00:09]
Epoch [7/15]: [24/30]  80%|████████   [00:37<00:09]
Epoch [7/15]: [25/30]  83%|████████▎  [00:37<00:07]
Epoch [7/15]: [25/30]  83%|████████▎  [00:38<00:07]
Epoch [7/15]: [26/30]  87%|████████▋  [00:38<00:05]
Epoch [7/15]: [26/30]  87%|████████▋  [00:39<00:05]
Epoch [7/15]: [27/30]  90%|█████████  [00:39<00:04]
Epoch [7/15]: [27/30]  90%|█████████  [00:41<00:04]
Epoch [7/15]: [28/30]  93%|█████████▎ [00:41<00:02]
Epoch [7/15]: [28/30]  93%|█████████▎ [00:43<00:02]
Epoch [7/15]: [29/30]  97%|█████████▋ [00:43<00:01]
Epoch [7/15]: [29/30]  97%|█████████▋ [00:44<00:01]
Epoch [7/15]: [30/30] 100%|██████████ [00:44<00:00]
                                                   

[1/9]  11%|█          [00:00<?]
Iteration: [1/9]  11%|█          [00:00<?]
Iteration: [1/9]  11%|█          [00:00<?]
Iteration: [2/9]  22%|██▏        [00:00<00:02]
Iteration: [2/9]  22%|██▏        [00:00<00:02]
Iteration: [3/9]  33%|███▎       [00:00<00:02]
Iteration: [3/9]  33%|███▎       [00:01<00:02]
Iteration: [4/9]  44%|████▍      [00:01<00:01]
Iteration: [4/9]  44%|████▍      [00:01<00:01]
Iteration: [5/9]  56%|█████▌     [00:01<00:01]
Iteration: [5/9]  56%|█████▌     [00:01<00:01]
Iteration: [6/9]  67%|██████▋    [00:01<00:01]
Iteration: [6/9]  67%|██████▋    [00:02<00:01]
Iteration: [7/9]  78%|███████▊   [00:02<00:00]
Iteration: [7/9]  78%|███████▊   [00:02<00:00]
Iteration: [8/9]  89%|████████▉  [00:02<00:00]
Iteration: [8/9]  89%|████████▉  [00:02<00:00]
Iteration: [9/9] 100%|██████████ [00:02<00:00]
                                              

[1/30]   3%|▎          [00:00<?]
Epoch [8/15]: [1/30]   3%|▎          [00:00<?]
Epoch [8/15]: [1/30]   3%|▎          [00:01<?]
Epoch [8/15]: [2/30]   7%|▋          [00:01<00:36]
Epoch [8/15]: [2/30]   7%|▋          [00:02<00:36]
Epoch [8/15]: [3/30]  10%|█          [00:02<00:36]
Epoch [8/15]: [3/30]  10%|█          [00:04<00:36]
Epoch [8/15]: [4/30]  13%|█▎         [00:04<00:35]
Epoch [8/15]: [4/30]  13%|█▎         [00:05<00:35]
Epoch [8/15]: [5/30]  17%|█▋         [00:05<00:36]
Epoch [8/15]: [5/30]  17%|█▋         [00:07<00:36]
Epoch [8/15]: [6/30]  20%|██         [00:07<00:38]
Epoch [8/15]: [6/30]  20%|██         [00:09<00:38]
Epoch [8/15]: [7/30]  23%|██▎        [00:09<00:38]
Epoch [8/15]: [7/30]  23%|██▎        [00:10<00:38]
Epoch [8/15]: [8/30]  27%|██▋        [00:10<00:35]
Epoch [8/15]: [8/30]  27%|██▋        [00:12<00:35]
Epoch [8/15]: [9/30]  30%|███        [00:12<00:34]
Epoch [8/15]: [9/30]  30%|███        [00:14<00:34]
Epoch [8/15]: [10/30]  33%|███▎       [00:14<00:32]
Epoch [8/15]: [10/30]  33%|███▎       [00:15<00:32]
Epoch [8/15]: [11/30]  37%|███▋       [00:15<00:31]
Epoch [8/15]: [11/30]  37%|███▋       [00:17<00:31]
Epoch [8/15]: [12/30]  40%|████       [00:17<00:29]
Epoch [8/15]: [12/30]  40%|████       [00:18<00:29]
Epoch [8/15]: [13/30]  43%|████▎      [00:18<00:27]
Epoch [8/15]: [13/30]  43%|████▎      [00:20<00:27]
Epoch [8/15]: [14/30]  47%|████▋      [00:20<00:25]
Epoch [8/15]: [14/30]  47%|████▋      [00:21<00:25]
Epoch [8/15]: [15/30]  50%|█████      [00:21<00:22]
Epoch [8/15]: [15/30]  50%|█████      [00:23<00:22]
Epoch [8/15]: [16/30]  53%|█████▎     [00:23<00:20]
Epoch [8/15]: [16/30]  53%|█████▎     [00:24<00:20]
Epoch [8/15]: [17/30]  57%|█████▋     [00:24<00:19]
Epoch [8/15]: [17/30]  57%|█████▋     [00:26<00:19]
Epoch [8/15]: [18/30]  60%|██████     [00:26<00:18]
Epoch [8/15]: [18/30]  60%|██████     [00:27<00:18]
Epoch [8/15]: [19/30]  63%|██████▎    [00:27<00:16]
Epoch [8/15]: [19/30]  63%|██████▎    [00:29<00:16]
Epoch [8/15]: [20/30]  67%|██████▋    [00:29<00:15]
Epoch [8/15]: [20/30]  67%|██████▋    [00:31<00:15]
Epoch [8/15]: [21/30]  70%|███████    [00:31<00:14]
Epoch [8/15]: [21/30]  70%|███████    [00:32<00:14]
Epoch [8/15]: [22/30]  73%|███████▎   [00:32<00:12]
Epoch [8/15]: [22/30]  73%|███████▎   [00:34<00:12]
Epoch [8/15]: [23/30]  77%|███████▋   [00:34<00:10]
Epoch [8/15]: [23/30]  77%|███████▋   [00:35<00:10]
Epoch [8/15]: [24/30]  80%|████████   [00:35<00:09]
Epoch [8/15]: [24/30]  80%|████████   [00:37<00:09]
Epoch [8/15]: [25/30]  83%|████████▎  [00:37<00:07]
Epoch [8/15]: [25/30]  83%|████████▎  [00:38<00:07]
Epoch [8/15]: [26/30]  87%|████████▋  [00:38<00:06]
Epoch [8/15]: [26/30]  87%|████████▋  [00:40<00:06]
Epoch [8/15]: [27/30]  90%|█████████  [00:40<00:04]
Epoch [8/15]: [27/30]  90%|█████████  [00:42<00:04]
Epoch [8/15]: [28/30]  93%|█████████▎ [00:42<00:03]
Epoch [8/15]: [28/30]  93%|█████████▎ [00:43<00:03]
Epoch [8/15]: [29/30]  97%|█████████▋ [00:43<00:01]
Epoch [8/15]: [29/30]  97%|█████████▋ [00:45<00:01]
Epoch [8/15]: [30/30] 100%|██████████ [00:45<00:00]
                                                   

[1/9]  11%|█          [00:00<?]
Iteration: [1/9]  11%|█          [00:00<?]
Iteration: [1/9]  11%|█          [00:00<?]
Iteration: [2/9]  22%|██▏        [00:00<00:02]
Iteration: [2/9]  22%|██▏        [00:00<00:02]
Iteration: [3/9]  33%|███▎       [00:00<00:02]
Iteration: [3/9]  33%|███▎       [00:01<00:02]
Iteration: [4/9]  44%|████▍      [00:01<00:01]
Iteration: [4/9]  44%|████▍      [00:01<00:01]
Iteration: [5/9]  56%|█████▌     [00:01<00:01]
Iteration: [5/9]  56%|█████▌     [00:01<00:01]
Iteration: [6/9]  67%|██████▋    [00:01<00:01]
Iteration: [6/9]  67%|██████▋    [00:02<00:01]
Iteration: [7/9]  78%|███████▊   [00:02<00:00]
Iteration: [7/9]  78%|███████▊   [00:02<00:00]
Iteration: [8/9]  89%|████████▉  [00:02<00:00]
Iteration: [8/9]  89%|████████▉  [00:02<00:00]
Iteration: [9/9] 100%|██████████ [00:02<00:00]
                                              

[1/30]   3%|▎          [00:00<?]
Epoch [9/15]: [1/30]   3%|▎          [00:00<?]
Epoch [9/15]: [1/30]   3%|▎          [00:01<?]
Epoch [9/15]: [2/30]   7%|▋          [00:01<00:42]
Epoch [9/15]: [2/30]   7%|▋          [00:02<00:42]
Epoch [9/15]: [3/30]  10%|█          [00:02<00:39]
Epoch [9/15]: [3/30]  10%|█          [00:04<00:39]
Epoch [9/15]: [4/30]  13%|█▎         [00:04<00:39]
Epoch [9/15]: [4/30]  13%|█▎         [00:06<00:39]
Epoch [9/15]: [5/30]  17%|█▋         [00:06<00:39]
Epoch [9/15]: [5/30]  17%|█▋         [00:07<00:39]
Epoch [9/15]: [6/30]  20%|██         [00:07<00:36]
Epoch [9/15]: [6/30]  20%|██         [00:09<00:36]
Epoch [9/15]: [7/30]  23%|██▎        [00:09<00:37]
Epoch [9/15]: [7/30]  23%|██▎        [00:10<00:37]
Epoch [9/15]: [8/30]  27%|██▋        [00:10<00:33]
Epoch [9/15]: [8/30]  27%|██▋        [00:12<00:33]
Epoch [9/15]: [9/30]  30%|███        [00:12<00:32]
Epoch [9/15]: [9/30]  30%|███        [00:13<00:32]
Epoch [9/15]: [10/30]  33%|███▎       [00:13<00:31]
Epoch [9/15]: [10/30]  33%|███▎       [00:15<00:31]
Epoch [9/15]: [11/30]  37%|███▋       [00:15<00:29]
Epoch [9/15]: [11/30]  37%|███▋       [00:17<00:29]
Epoch [9/15]: [12/30]  40%|████       [00:17<00:28]
Epoch [9/15]: [12/30]  40%|████       [00:18<00:28]
Epoch [9/15]: [13/30]  43%|████▎      [00:18<00:26]
Epoch [9/15]: [13/30]  43%|████▎      [00:20<00:26]
Epoch [9/15]: [14/30]  47%|████▋      [00:20<00:24]
Epoch [9/15]: [14/30]  47%|████▋      [00:21<00:24]
Epoch [9/15]: [15/30]  50%|█████      [00:21<00:23]
Epoch [9/15]: [15/30]  50%|█████      [00:23<00:23]
Epoch [9/15]: [16/30]  53%|█████▎     [00:23<00:21]
Epoch [9/15]: [16/30]  53%|█████▎     [00:24<00:21]
Epoch [9/15]: [17/30]  57%|█████▋     [00:24<00:20]
Epoch [9/15]: [17/30]  57%|█████▋     [00:26<00:20]
Epoch [9/15]: [18/30]  60%|██████     [00:26<00:18]
Epoch [9/15]: [18/30]  60%|██████     [00:28<00:18]
Epoch [9/15]: [19/30]  63%|██████▎    [00:28<00:17]
Epoch [9/15]: [19/30]  63%|██████▎    [00:29<00:17]
Epoch [9/15]: [20/30]  67%|██████▋    [00:29<00:15]
Epoch [9/15]: [20/30]  67%|██████▋    [00:31<00:15]
Epoch [9/15]: [21/30]  70%|███████    [00:31<00:14]
Epoch [9/15]: [21/30]  70%|███████    [00:32<00:14]
Epoch [9/15]: [22/30]  73%|███████▎   [00:32<00:12]
Epoch [9/15]: [22/30]  73%|███████▎   [00:34<00:12]
Epoch [9/15]: [23/30]  77%|███████▋   [00:34<00:10]
Epoch [9/15]: [23/30]  77%|███████▋   [00:35<00:10]
Epoch [9/15]: [24/30]  80%|████████   [00:35<00:09]
Epoch [9/15]: [24/30]  80%|████████   [00:37<00:09]
Epoch [9/15]: [25/30]  83%|████████▎  [00:37<00:07]
Epoch [9/15]: [25/30]  83%|████████▎  [00:38<00:07]
Epoch [9/15]: [26/30]  87%|████████▋  [00:38<00:06]
Epoch [9/15]: [26/30]  87%|████████▋  [00:40<00:06]
Epoch [9/15]: [27/30]  90%|█████████  [00:40<00:04]
Epoch [9/15]: [27/30]  90%|█████████  [00:42<00:04]
Epoch [9/15]: [28/30]  93%|█████████▎ [00:42<00:03]
Epoch [9/15]: [28/30]  93%|█████████▎ [00:43<00:03]
Epoch [9/15]: [29/30]  97%|█████████▋ [00:43<00:01]
Epoch [9/15]: [29/30]  97%|█████████▋ [00:45<00:01]
Epoch [9/15]: [30/30] 100%|██████████ [00:45<00:00]
                                                   

[1/9]  11%|█          [00:00<?]
Iteration: [1/9]  11%|█          [00:00<?]
Iteration: [1/9]  11%|█          [00:00<?]
Iteration: [2/9]  22%|██▏        [00:00<00:02]
Iteration: [2/9]  22%|██▏        [00:00<00:02]
Iteration: [3/9]  33%|███▎       [00:00<00:02]
Iteration: [3/9]  33%|███▎       [00:01<00:02]
Iteration: [4/9]  44%|████▍      [00:01<00:01]
Iteration: [4/9]  44%|████▍      [00:01<00:01]
Iteration: [5/9]  56%|█████▌     [00:01<00:01]
Iteration: [5/9]  56%|█████▌     [00:01<00:01]
Iteration: [6/9]  67%|██████▋    [00:01<00:01]
Iteration: [6/9]  67%|██████▋    [00:02<00:01]
Iteration: [7/9]  78%|███████▊   [00:02<00:00]
Iteration: [7/9]  78%|███████▊   [00:02<00:00]
Iteration: [8/9]  89%|████████▉  [00:02<00:00]
Iteration: [8/9]  89%|████████▉  [00:02<00:00]
Iteration: [9/9] 100%|██████████ [00:02<00:00]
                                              

[1/30]   3%|▎          [00:00<?]
Epoch [10/15]: [1/30]   3%|▎          [00:00<?]
Epoch [10/15]: [1/30]   3%|▎          [00:01<?]
Epoch [10/15]: [2/30]   7%|▋          [00:01<00:39]
Epoch [10/15]: [2/30]   7%|▋          [00:03<00:39]
Epoch [10/15]: [3/30]  10%|█          [00:03<00:41]
Epoch [10/15]: [3/30]  10%|█          [00:04<00:41]
Epoch [10/15]: [4/30]  13%|█▎         [00:04<00:39]
Epoch [10/15]: [4/30]  13%|█▎         [00:06<00:39]
Epoch [10/15]: [5/30]  17%|█▋         [00:06<00:42]
Epoch [10/15]: [5/30]  17%|█▋         [00:07<00:42]
Epoch [10/15]: [6/30]  20%|██         [00:07<00:38]
Epoch [10/15]: [6/30]  20%|██         [00:09<00:38]
Epoch [10/15]: [7/30]  23%|██▎        [00:09<00:36]
Epoch [10/15]: [7/30]  23%|██▎        [00:11<00:36]
Epoch [10/15]: [8/30]  27%|██▋        [00:11<00:37]
Epoch [10/15]: [8/30]  27%|██▋        [00:13<00:37]
Epoch [10/15]: [9/30]  30%|███        [00:13<00:36]
Epoch [10/15]: [9/30]  30%|███        [00:14<00:36]
Epoch [10/15]: [10/30]  33%|███▎       [00:14<00:34]
Epoch [10/15]: [10/30]  33%|███▎       [00:16<00:34]
Epoch [10/15]: [11/30]  37%|███▋       [00:16<00:31]
Epoch [10/15]: [11/30]  37%|███▋       [00:18<00:31]
Epoch [10/15]: [12/30]  40%|████       [00:18<00:29]
Epoch [10/15]: [12/30]  40%|████       [00:19<00:29]
Epoch [10/15]: [13/30]  43%|████▎      [00:19<00:27]
Epoch [10/15]: [13/30]  43%|████▎      [00:21<00:27]
Epoch [10/15]: [14/30]  47%|████▋      [00:21<00:25]
Epoch [10/15]: [14/30]  47%|████▋      [00:22<00:25]
Epoch [10/15]: [15/30]  50%|█████      [00:22<00:24]
Epoch [10/15]: [15/30]  50%|█████      [00:24<00:24]
Epoch [10/15]: [16/30]  53%|█████▎     [00:24<00:21]
Epoch [10/15]: [16/30]  53%|█████▎     [00:25<00:21]
Epoch [10/15]: [17/30]  57%|█████▋     [00:25<00:19]
Epoch [10/15]: [17/30]  57%|█████▋     [00:27<00:19]
Epoch [10/15]: [18/30]  60%|██████     [00:27<00:18]
Epoch [10/15]: [18/30]  60%|██████     [00:28<00:18]
Epoch [10/15]: [19/30]  63%|██████▎    [00:28<00:16]
Epoch [10/15]: [19/30]  63%|██████▎    [00:30<00:16]
Epoch [10/15]: [20/30]  67%|██████▋    [00:30<00:15]
Epoch [10/15]: [20/30]  67%|██████▋    [00:31<00:15]
Epoch [10/15]: [21/30]  70%|███████    [00:31<00:14]
Epoch [10/15]: [21/30]  70%|███████    [00:33<00:14]
Epoch [10/15]: [22/30]  73%|███████▎   [00:33<00:13]
Epoch [10/15]: [22/30]  73%|███████▎   [00:35<00:13]
Epoch [10/15]: [23/30]  77%|███████▋   [00:35<00:11]
Epoch [10/15]: [23/30]  77%|███████▋   [00:36<00:11]
Epoch [10/15]: [24/30]  80%|████████   [00:36<00:09]
Epoch [10/15]: [24/30]  80%|████████   [00:38<00:09]
Epoch [10/15]: [25/30]  83%|████████▎  [00:38<00:08]
Epoch [10/15]: [25/30]  83%|████████▎  [00:39<00:08]
Epoch [10/15]: [26/30]  87%|████████▋  [00:39<00:06]
Epoch [10/15]: [26/30]  87%|████████▋  [00:41<00:06]
Epoch [10/15]: [27/30]  90%|█████████  [00:41<00:04]
Epoch [10/15]: [27/30]  90%|█████████  [00:42<00:04]
Epoch [10/15]: [28/30]  93%|█████████▎ [00:42<00:03]
Epoch [10/15]: [28/30]  93%|█████████▎ [00:44<00:03]
Epoch [10/15]: [29/30]  97%|█████████▋ [00:44<00:01]
Epoch [10/15]: [29/30]  97%|█████████▋ [00:46<00:01]
Epoch [10/15]: [30/30] 100%|██████████ [00:46<00:00]
                                                    

[1/9]  11%|█          [00:00<?]
Iteration: [1/9]  11%|█          [00:00<?]
Iteration: [1/9]  11%|█          [00:00<?]
Iteration: [2/9]  22%|██▏        [00:00<00:02]
Iteration: [2/9]  22%|██▏        [00:00<00:02]
Iteration: [3/9]  33%|███▎       [00:00<00:02]
Iteration: [3/9]  33%|███▎       [00:01<00:02]
Iteration: [4/9]  44%|████▍      [00:01<00:01]
Iteration: [4/9]  44%|████▍      [00:01<00:01]
Iteration: [5/9]  56%|█████▌     [00:01<00:01]
Iteration: [5/9]  56%|█████▌     [00:01<00:01]
Iteration: [6/9]  67%|██████▋    [00:01<00:01]
Iteration: [6/9]  67%|██████▋    [00:02<00:01]
Iteration: [7/9]  78%|███████▊   [00:02<00:00]
Iteration: [7/9]  78%|███████▊   [00:02<00:00]
Iteration: [8/9]  89%|████████▉  [00:02<00:00]
Iteration: [8/9]  89%|████████▉  [00:02<00:00]
Iteration: [9/9] 100%|██████████ [00:02<00:00]
                                              

[1/30]   3%|▎          [00:00<?]
Epoch [11/15]: [1/30]   3%|▎          [00:00<?]
Epoch [11/15]: [1/30]   3%|▎          [00:01<?]
Epoch [11/15]: [2/30]   7%|▋          [00:01<00:42]
Epoch [11/15]: [2/30]   7%|▋          [00:03<00:42]
Epoch [11/15]: [3/30]  10%|█          [00:03<00:45]
Epoch [11/15]: [3/30]  10%|█          [00:05<00:45]
Epoch [11/15]: [4/30]  13%|█▎         [00:05<00:44]
Epoch [11/15]: [4/30]  13%|█▎         [00:07<00:44]
Epoch [11/15]: [5/30]  17%|█▋         [00:07<00:45]
Epoch [11/15]: [5/30]  17%|█▋         [00:09<00:45]
Epoch [11/15]: [6/30]  20%|██         [00:09<00:46]
Epoch [11/15]: [6/30]  20%|██         [00:10<00:46]
Epoch [11/15]: [7/30]  23%|██▎        [00:10<00:40]
Epoch [11/15]: [7/30]  23%|██▎        [00:12<00:40]
Epoch [11/15]: [8/30]  27%|██▋        [00:12<00:37]
Epoch [11/15]: [8/30]  27%|██▋        [00:13<00:37]
Epoch [11/15]: [9/30]  30%|███        [00:13<00:34]
Epoch [11/15]: [9/30]  30%|███        [00:15<00:34]
Epoch [11/15]: [10/30]  33%|███▎       [00:15<00:31]
Epoch [11/15]: [10/30]  33%|███▎       [00:16<00:31]
Epoch [11/15]: [11/30]  37%|███▋       [00:16<00:29]
Epoch [11/15]: [11/30]  37%|███▋       [00:18<00:29]
Epoch [11/15]: [12/30]  40%|████       [00:18<00:29]
Epoch [11/15]: [12/30]  40%|████       [00:20<00:29]
Epoch [11/15]: [13/30]  43%|████▎      [00:20<00:27]
Epoch [11/15]: [13/30]  43%|████▎      [00:21<00:27]
Epoch [11/15]: [14/30]  47%|████▋      [00:21<00:25]
Epoch [11/15]: [14/30]  47%|████▋      [00:23<00:25]
Epoch [11/15]: [15/30]  50%|█████      [00:23<00:23]
Epoch [11/15]: [15/30]  50%|█████      [00:24<00:23]
Epoch [11/15]: [16/30]  53%|█████▎     [00:24<00:22]
Epoch [11/15]: [16/30]  53%|█████▎     [00:26<00:22]
Epoch [11/15]: [17/30]  57%|█████▋     [00:26<00:21]
Epoch [11/15]: [17/30]  57%|█████▋     [00:28<00:21]
Epoch [11/15]: [18/30]  60%|██████     [00:28<00:20]
Epoch [11/15]: [18/30]  60%|██████     [00:30<00:20]
Epoch [11/15]: [19/30]  63%|██████▎    [00:30<00:18]
Epoch [11/15]: [19/30]  63%|██████▎    [00:31<00:18]
Epoch [11/15]: [20/30]  67%|██████▋    [00:31<00:16]
Epoch [11/15]: [20/30]  67%|██████▋    [00:33<00:16]
Epoch [11/15]: [21/30]  70%|███████    [00:33<00:14]
Epoch [11/15]: [21/30]  70%|███████    [00:34<00:14]
Epoch [11/15]: [22/30]  73%|███████▎   [00:34<00:12]
Epoch [11/15]: [22/30]  73%|███████▎   [00:36<00:12]
Epoch [11/15]: [23/30]  77%|███████▋   [00:36<00:10]
Epoch [11/15]: [23/30]  77%|███████▋   [00:37<00:10]
Epoch [11/15]: [24/30]  80%|████████   [00:37<00:09]
Epoch [11/15]: [24/30]  80%|████████   [00:39<00:09]
Epoch [11/15]: [25/30]  83%|████████▎  [00:39<00:08]
Epoch [11/15]: [25/30]  83%|████████▎  [00:41<00:08]
Epoch [11/15]: [26/30]  87%|████████▋  [00:41<00:06]
Epoch [11/15]: [26/30]  87%|████████▋  [00:42<00:06]
Epoch [11/15]: [27/30]  90%|█████████  [00:42<00:04]
Epoch [11/15]: [27/30]  90%|█████████  [00:44<00:04]
Epoch [11/15]: [28/30]  93%|█████████▎ [00:44<00:03]
Epoch [11/15]: [28/30]  93%|█████████▎ [00:45<00:03]
Epoch [11/15]: [29/30]  97%|█████████▋ [00:45<00:01]
Epoch [11/15]: [29/30]  97%|█████████▋ [00:47<00:01]
Epoch [11/15]: [30/30] 100%|██████████ [00:47<00:00]
                                                    

[1/9]  11%|█          [00:00<?]
Iteration: [1/9]  11%|█          [00:00<?]
Iteration: [1/9]  11%|█          [00:00<?]
Iteration: [2/9]  22%|██▏        [00:00<00:02]
Iteration: [2/9]  22%|██▏        [00:00<00:02]
Iteration: [3/9]  33%|███▎       [00:00<00:02]
Iteration: [3/9]  33%|███▎       [00:01<00:02]
Iteration: [4/9]  44%|████▍      [00:01<00:01]
Iteration: [4/9]  44%|████▍      [00:01<00:01]
Iteration: [5/9]  56%|█████▌     [00:01<00:01]
Iteration: [5/9]  56%|█████▌     [00:01<00:01]
Iteration: [6/9]  67%|██████▋    [00:01<00:01]
Iteration: [6/9]  67%|██████▋    [00:02<00:01]
Iteration: [7/9]  78%|███████▊   [00:02<00:00]
Iteration: [7/9]  78%|███████▊   [00:02<00:00]
Iteration: [8/9]  89%|████████▉  [00:02<00:00]
Iteration: [8/9]  89%|████████▉  [00:02<00:00]
Iteration: [9/9] 100%|██████████ [00:02<00:00]
                                              

[1/30]   3%|▎          [00:00<?]
Epoch [12/15]: [1/30]   3%|▎          [00:00<?]
Epoch [12/15]: [1/30]   3%|▎          [00:01<?]
Epoch [12/15]: [2/30]   7%|▋          [00:01<00:41]
Epoch [12/15]: [2/30]   7%|▋          [00:02<00:41]
Epoch [12/15]: [3/30]  10%|█          [00:02<00:39]
Epoch [12/15]: [3/30]  10%|█          [00:04<00:39]
Epoch [12/15]: [4/30]  13%|█▎         [00:04<00:40]
Epoch [12/15]: [4/30]  13%|█▎         [00:06<00:40]
Epoch [12/15]: [5/30]  17%|█▋         [00:06<00:40]
Epoch [12/15]: [5/30]  17%|█▋         [00:07<00:40]
Epoch [12/15]: [6/30]  20%|██         [00:07<00:38]
Epoch [12/15]: [6/30]  20%|██         [00:09<00:38]
Epoch [12/15]: [7/30]  23%|██▎        [00:09<00:39]
Epoch [12/15]: [7/30]  23%|██▎        [00:11<00:39]
Epoch [12/15]: [8/30]  27%|██▋        [00:11<00:36]
Epoch [12/15]: [8/30]  27%|██▋        [00:12<00:36]
Epoch [12/15]: [9/30]  30%|███        [00:12<00:33]
Epoch [12/15]: [9/30]  30%|███        [00:14<00:33]
Epoch [12/15]: [10/30]  33%|███▎       [00:14<00:32]
Epoch [12/15]: [10/30]  33%|███▎       [00:15<00:32]
Epoch [12/15]: [11/30]  37%|███▋       [00:15<00:29]
Epoch [12/15]: [11/30]  37%|███▋       [00:17<00:29]
Epoch [12/15]: [12/30]  40%|████       [00:17<00:27]
Epoch [12/15]: [12/30]  40%|████       [00:19<00:27]
Epoch [12/15]: [13/30]  43%|████▎      [00:19<00:29]
Epoch [12/15]: [13/30]  43%|████▎      [00:21<00:29]
Epoch [12/15]: [14/30]  47%|████▋      [00:21<00:27]
Epoch [12/15]: [14/30]  47%|████▋      [00:23<00:27]
Epoch [12/15]: [15/30]  50%|█████      [00:23<00:26]
Epoch [12/15]: [15/30]  50%|█████      [00:25<00:26]
Epoch [12/15]: [16/30]  53%|█████▎     [00:25<00:26]
Epoch [12/15]: [16/30]  53%|█████▎     [00:26<00:26]
Epoch [12/15]: [17/30]  57%|█████▋     [00:26<00:23]
Epoch [12/15]: [17/30]  57%|█████▋     [00:28<00:23]
Epoch [12/15]: [18/30]  60%|██████     [00:28<00:20]
Epoch [12/15]: [18/30]  60%|██████     [00:30<00:20]
Epoch [12/15]: [19/30]  63%|██████▎    [00:30<00:18]
Epoch [12/15]: [19/30]  63%|██████▎    [00:31<00:18]
Epoch [12/15]: [20/30]  67%|██████▋    [00:31<00:16]
Epoch [12/15]: [20/30]  67%|██████▋    [00:33<00:16]
Epoch [12/15]: [21/30]  70%|███████    [00:33<00:14]
Epoch [12/15]: [21/30]  70%|███████    [00:34<00:14]
Epoch [12/15]: [22/30]  73%|███████▎   [00:34<00:12]
Epoch [12/15]: [22/30]  73%|███████▎   [00:36<00:12]
Epoch [12/15]: [23/30]  77%|███████▋   [00:36<00:11]
Epoch [12/15]: [23/30]  77%|███████▋   [00:38<00:11]
Epoch [12/15]: [24/30]  80%|████████   [00:38<00:10]
Epoch [12/15]: [24/30]  80%|████████   [00:40<00:10]
Epoch [12/15]: [25/30]  83%|████████▎  [00:40<00:08]
Epoch [12/15]: [25/30]  83%|████████▎  [00:41<00:08]
Epoch [12/15]: [26/30]  87%|████████▋  [00:41<00:06]
Epoch [12/15]: [26/30]  87%|████████▋  [00:43<00:06]
Epoch [12/15]: [27/30]  90%|█████████  [00:43<00:05]
Epoch [12/15]: [27/30]  90%|█████████  [00:44<00:05]
Epoch [12/15]: [28/30]  93%|█████████▎ [00:44<00:03]
Epoch [12/15]: [28/30]  93%|█████████▎ [00:46<00:03]
Epoch [12/15]: [29/30]  97%|█████████▋ [00:46<00:01]
Epoch [12/15]: [29/30]  97%|█████████▋ [00:48<00:01]
Epoch [12/15]: [30/30] 100%|██████████ [00:48<00:00]
                                                    

[1/9]  11%|█          [00:00<?]
Iteration: [1/9]  11%|█          [00:00<?]
Iteration: [1/9]  11%|█          [00:00<?]
Iteration: [2/9]  22%|██▏        [00:00<00:02]
Iteration: [2/9]  22%|██▏        [00:00<00:02]
Iteration: [3/9]  33%|███▎       [00:00<00:02]
Iteration: [3/9]  33%|███▎       [00:01<00:02]
Iteration: [4/9]  44%|████▍      [00:01<00:01]
Iteration: [4/9]  44%|████▍      [00:01<00:01]
Iteration: [5/9]  56%|█████▌     [00:01<00:01]
Iteration: [5/9]  56%|█████▌     [00:01<00:01]
Iteration: [6/9]  67%|██████▋    [00:01<00:01]
Iteration: [6/9]  67%|██████▋    [00:02<00:01]
Iteration: [7/9]  78%|███████▊   [00:02<00:00]
Iteration: [7/9]  78%|███████▊   [00:02<00:00]
Iteration: [8/9]  89%|████████▉  [00:02<00:00]
Iteration: [8/9]  89%|████████▉  [00:02<00:00]
Iteration: [9/9] 100%|██████████ [00:02<00:00]
                                              

[1/30]   3%|▎          [00:00<?]
Epoch [13/15]: [1/30]   3%|▎          [00:00<?]
Epoch [13/15]: [1/30]   3%|▎          [00:01<?]
Epoch [13/15]: [2/30]   7%|▋          [00:01<00:48]
Epoch [13/15]: [2/30]   7%|▋          [00:03<00:48]
Epoch [13/15]: [3/30]  10%|█          [00:03<00:49]
Epoch [13/15]: [3/30]  10%|█          [00:05<00:49]
Epoch [13/15]: [4/30]  13%|█▎         [00:05<00:47]
Epoch [13/15]: [4/30]  13%|█▎         [00:07<00:47]
Epoch [13/15]: [5/30]  17%|█▋         [00:07<00:43]
Epoch [13/15]: [5/30]  17%|█▋         [00:08<00:43]
Epoch [13/15]: [6/30]  20%|██         [00:08<00:40]
Epoch [13/15]: [6/30]  20%|██         [00:10<00:40]
Epoch [13/15]: [7/30]  23%|██▎        [00:10<00:38]
Epoch [13/15]: [7/30]  23%|██▎        [00:11<00:38]
Epoch [13/15]: [8/30]  27%|██▋        [00:11<00:36]
Epoch [13/15]: [8/30]  27%|██▋        [00:13<00:36]
Epoch [13/15]: [9/30]  30%|███        [00:13<00:33]
Epoch [13/15]: [9/30]  30%|███        [00:14<00:33]
Epoch [13/15]: [10/30]  33%|███▎       [00:14<00:30]
Epoch [13/15]: [10/30]  33%|███▎       [00:16<00:30]
Epoch [13/15]: [11/30]  37%|███▋       [00:16<00:29]
Epoch [13/15]: [11/30]  37%|███▋       [00:17<00:29]
Epoch [13/15]: [12/30]  40%|████       [00:17<00:27]
Epoch [13/15]: [12/30]  40%|████       [00:19<00:27]
Epoch [13/15]: [13/30]  43%|████▎      [00:19<00:26]
Epoch [13/15]: [13/30]  43%|████▎      [00:21<00:26]
Epoch [13/15]: [14/30]  47%|████▋      [00:21<00:25]
Epoch [13/15]: [14/30]  47%|████▋      [00:23<00:25]
Epoch [13/15]: [15/30]  50%|█████      [00:23<00:25]
Epoch [13/15]: [15/30]  50%|█████      [00:24<00:25]
Epoch [13/15]: [16/30]  53%|█████▎     [00:24<00:23]
Epoch [13/15]: [16/30]  53%|█████▎     [00:26<00:23]
Epoch [13/15]: [17/30]  57%|█████▋     [00:26<00:21]
Epoch [13/15]: [17/30]  57%|█████▋     [00:28<00:21]
Epoch [13/15]: [18/30]  60%|██████     [00:28<00:21]
Epoch [13/15]: [18/30]  60%|██████     [00:30<00:21]
Epoch [13/15]: [19/30]  63%|██████▎    [00:30<00:19]
Epoch [13/15]: [19/30]  63%|██████▎    [00:31<00:19]
Epoch [13/15]: [20/30]  67%|██████▋    [00:31<00:17]
Epoch [13/15]: [20/30]  67%|██████▋    [00:33<00:17]
Epoch [13/15]: [21/30]  70%|███████    [00:33<00:15]
Epoch [13/15]: [21/30]  70%|███████    [00:35<00:15]
Epoch [13/15]: [22/30]  73%|███████▎   [00:35<00:13]
Epoch [13/15]: [22/30]  73%|███████▎   [00:37<00:13]
Epoch [13/15]: [23/30]  77%|███████▋   [00:37<00:12]
Epoch [13/15]: [23/30]  77%|███████▋   [00:38<00:12]
Epoch [13/15]: [24/30]  80%|████████   [00:38<00:09]
Epoch [13/15]: [24/30]  80%|████████   [00:39<00:09]
Epoch [13/15]: [25/30]  83%|████████▎  [00:39<00:07]
Epoch [13/15]: [25/30]  83%|████████▎  [00:41<00:07]
Epoch [13/15]: [26/30]  87%|████████▋  [00:41<00:06]
Epoch [13/15]: [26/30]  87%|████████▋  [00:43<00:06]
Epoch [13/15]: [27/30]  90%|█████████  [00:43<00:04]
Epoch [13/15]: [27/30]  90%|█████████  [00:44<00:04]
Epoch [13/15]: [28/30]  93%|█████████▎ [00:44<00:03]
Epoch [13/15]: [28/30]  93%|█████████▎ [00:46<00:03]
Epoch [13/15]: [29/30]  97%|█████████▋ [00:46<00:01]
Epoch [13/15]: [29/30]  97%|█████████▋ [00:48<00:01]
Epoch [13/15]: [30/30] 100%|██████████ [00:48<00:00]
                                                    

[1/9]  11%|█          [00:00<?]
Iteration: [1/9]  11%|█          [00:00<?]
Iteration: [1/9]  11%|█          [00:00<?]
Iteration: [2/9]  22%|██▏        [00:00<00:02]
Iteration: [2/9]  22%|██▏        [00:00<00:02]
Iteration: [3/9]  33%|███▎       [00:00<00:02]
Iteration: [3/9]  33%|███▎       [00:01<00:02]
Iteration: [4/9]  44%|████▍      [00:01<00:01]
Iteration: [4/9]  44%|████▍      [00:01<00:01]
Iteration: [5/9]  56%|█████▌     [00:01<00:01]
Iteration: [5/9]  56%|█████▌     [00:01<00:01]
Iteration: [6/9]  67%|██████▋    [00:01<00:01]
Iteration: [6/9]  67%|██████▋    [00:02<00:01]
Iteration: [7/9]  78%|███████▊   [00:02<00:00]
Iteration: [7/9]  78%|███████▊   [00:02<00:00]
Iteration: [8/9]  89%|████████▉  [00:02<00:00]
Iteration: [8/9]  89%|████████▉  [00:02<00:00]
Iteration: [9/9] 100%|██████████ [00:02<00:00]
                                              

[1/30]   3%|▎          [00:00<?]
Epoch [14/15]: [1/30]   3%|▎          [00:00<?]
Epoch [14/15]: [1/30]   3%|▎          [00:01<?]
Epoch [14/15]: [2/30]   7%|▋          [00:01<00:55]
Epoch [14/15]: [2/30]   7%|▋          [00:04<00:55]
Epoch [14/15]: [3/30]  10%|█          [00:04<00:54]
Epoch [14/15]: [3/30]  10%|█          [00:05<00:54]
Epoch [14/15]: [4/30]  13%|█▎         [00:05<00:47]
Epoch [14/15]: [4/30]  13%|█▎         [00:07<00:47]
Epoch [14/15]: [5/30]  17%|█▋         [00:07<00:41]
Epoch [14/15]: [5/30]  17%|█▋         [00:08<00:41]
Epoch [14/15]: [6/30]  20%|██         [00:08<00:39]
Epoch [14/15]: [6/30]  20%|██         [00:10<00:39]
Epoch [14/15]: [7/30]  23%|██▎        [00:10<00:37]
Epoch [14/15]: [7/30]  23%|██▎        [00:12<00:37]
Epoch [14/15]: [8/30]  27%|██▋        [00:12<00:37]
Epoch [14/15]: [8/30]  27%|██▋        [00:14<00:37]
Epoch [14/15]: [9/30]  30%|███        [00:14<00:36]
Epoch [14/15]: [9/30]  30%|███        [00:15<00:36]
Epoch [14/15]: [10/30]  33%|███▎       [00:15<00:35]
Epoch [14/15]: [10/30]  33%|███▎       [00:17<00:35]
Epoch [14/15]: [11/30]  37%|███▋       [00:17<00:33]
Epoch [14/15]: [11/30]  37%|███▋       [00:18<00:33]
Epoch [14/15]: [12/30]  40%|████       [00:18<00:29]
Epoch [14/15]: [12/30]  40%|████       [00:20<00:29]
Epoch [14/15]: [13/30]  43%|████▎      [00:20<00:27]
Epoch [14/15]: [13/30]  43%|████▎      [00:21<00:27]
Epoch [14/15]: [14/30]  47%|████▋      [00:21<00:25]
Epoch [14/15]: [14/30]  47%|████▋      [00:23<00:25]
Epoch [14/15]: [15/30]  50%|█████      [00:23<00:24]
Epoch [14/15]: [15/30]  50%|█████      [00:25<00:24]
Epoch [14/15]: [16/30]  53%|█████▎     [00:25<00:22]
Epoch [14/15]: [16/30]  53%|█████▎     [00:27<00:22]
Epoch [14/15]: [17/30]  57%|█████▋     [00:27<00:21]
Epoch [14/15]: [17/30]  57%|█████▋     [00:28<00:21]
Epoch [14/15]: [18/30]  60%|██████     [00:28<00:19]
Epoch [14/15]: [18/30]  60%|██████     [00:30<00:19]
Epoch [14/15]: [19/30]  63%|██████▎    [00:30<00:18]
Epoch [14/15]: [19/30]  63%|██████▎    [00:32<00:18]
Epoch [14/15]: [20/30]  67%|██████▋    [00:32<00:17]
Epoch [14/15]: [20/30]  67%|██████▋    [00:34<00:17]
Epoch [14/15]: [21/30]  70%|███████    [00:34<00:16]
Epoch [14/15]: [21/30]  70%|███████    [00:35<00:16]
Epoch [14/15]: [22/30]  73%|███████▎   [00:35<00:14]
Epoch [14/15]: [22/30]  73%|███████▎   [00:37<00:14]
Epoch [14/15]: [23/30]  77%|███████▋   [00:37<00:12]
Epoch [14/15]: [23/30]  77%|███████▋   [00:39<00:12]
Epoch [14/15]: [24/30]  80%|████████   [00:39<00:10]
Epoch [14/15]: [24/30]  80%|████████   [00:41<00:10]
Epoch [14/15]: [25/30]  83%|████████▎  [00:41<00:08]
Epoch [14/15]: [25/30]  83%|████████▎  [00:43<00:08]
Epoch [14/15]: [26/30]  87%|████████▋  [00:43<00:07]
Epoch [14/15]: [26/30]  87%|████████▋  [00:45<00:07]
Epoch [14/15]: [27/30]  90%|█████████  [00:45<00:05]
Epoch [14/15]: [27/30]  90%|█████████  [00:46<00:05]
Epoch [14/15]: [28/30]  93%|█████████▎ [00:46<00:03]
Epoch [14/15]: [28/30]  93%|█████████▎ [00:48<00:03]
Epoch [14/15]: [29/30]  97%|█████████▋ [00:48<00:01]
Epoch [14/15]: [29/30]  97%|█████████▋ [00:50<00:01]
Epoch [14/15]: [30/30] 100%|██████████ [00:50<00:00]
                                                    

[1/9]  11%|█          [00:00<?]
Iteration: [1/9]  11%|█          [00:00<?]
Iteration: [1/9]  11%|█          [00:00<?]
Iteration: [2/9]  22%|██▏        [00:00<00:02]
Iteration: [2/9]  22%|██▏        [00:00<00:02]
Iteration: [3/9]  33%|███▎       [00:00<00:02]
Iteration: [3/9]  33%|███▎       [00:01<00:02]
Iteration: [4/9]  44%|████▍      [00:01<00:01]
Iteration: [4/9]  44%|████▍      [00:01<00:01]
Iteration: [5/9]  56%|█████▌     [00:01<00:01]
Iteration: [5/9]  56%|█████▌     [00:01<00:01]
Iteration: [6/9]  67%|██████▋    [00:01<00:01]
Iteration: [6/9]  67%|██████▋    [00:02<00:01]
Iteration: [7/9]  78%|███████▊   [00:02<00:00]
Iteration: [7/9]  78%|███████▊   [00:02<00:00]
Iteration: [8/9]  89%|████████▉  [00:02<00:00]
Iteration: [8/9]  89%|████████▉  [00:02<00:00]
Iteration: [9/9] 100%|██████████ [00:02<00:00]
                                              

[1/30]   3%|▎          [00:00<?]
Epoch [15/15]: [1/30]   3%|▎          [00:00<?]
Epoch [15/15]: [1/30]   3%|▎          [00:01<?]
Epoch [15/15]: [2/30]   7%|▋          [00:01<00:49]
Epoch [15/15]: [2/30]   7%|▋          [00:03<00:49]
Epoch [15/15]: [3/30]  10%|█          [00:03<00:47]
Epoch [15/15]: [3/30]  10%|█          [00:05<00:47]
Epoch [15/15]: [4/30]  13%|█▎         [00:05<00:45]
Epoch [15/15]: [4/30]  13%|█▎         [00:07<00:45]
Epoch [15/15]: [5/30]  17%|█▋         [00:07<00:44]
Epoch [15/15]: [5/30]  17%|█▋         [00:08<00:44]
Epoch [15/15]: [6/30]  20%|██         [00:08<00:40]
Epoch [15/15]: [6/30]  20%|██         [00:10<00:40]
Epoch [15/15]: [7/30]  23%|██▎        [00:10<00:37]
Epoch [15/15]: [7/30]  23%|██▎        [00:11<00:37]
Epoch [15/15]: [8/30]  27%|██▋        [00:11<00:36]
Epoch [15/15]: [8/30]  27%|██▋        [00:13<00:36]
Epoch [15/15]: [9/30]  30%|███        [00:13<00:35]
Epoch [15/15]: [9/30]  30%|███        [00:15<00:35]
Epoch [15/15]: [10/30]  33%|███▎       [00:15<00:34]
Epoch [15/15]: [10/30]  33%|███▎       [00:17<00:34]
Epoch [15/15]: [11/30]  37%|███▋       [00:17<00:33]
Epoch [15/15]: [11/30]  37%|███▋       [00:19<00:33]
Epoch [15/15]: [12/30]  40%|████       [00:19<00:32]
Epoch [15/15]: [12/30]  40%|████       [00:21<00:32]
Epoch [15/15]: [13/30]  43%|████▎      [00:21<00:31]
Epoch [15/15]: [13/30]  43%|████▎      [00:23<00:31]
Epoch [15/15]: [14/30]  47%|████▋      [00:23<00:30]
Epoch [15/15]: [14/30]  47%|████▋      [00:24<00:30]
Epoch [15/15]: [15/30]  50%|█████      [00:24<00:27]
Epoch [15/15]: [15/30]  50%|█████      [00:26<00:27]
Epoch [15/15]: [16/30]  53%|█████▎     [00:26<00:25]
Epoch [15/15]: [16/30]  53%|█████▎     [00:28<00:25]
Epoch [15/15]: [17/30]  57%|█████▋     [00:28<00:23]
Epoch [15/15]: [17/30]  57%|█████▋     [00:30<00:23]
Epoch [15/15]: [18/30]  60%|██████     [00:30<00:22]
Epoch [15/15]: [18/30]  60%|██████     [00:32<00:22]
Epoch [15/15]: [19/30]  63%|██████▎    [00:32<00:20]
Epoch [15/15]: [19/30]  63%|██████▎    [00:34<00:20]
Epoch [15/15]: [20/30]  67%|██████▋    [00:34<00:18]
Epoch [15/15]: [20/30]  67%|██████▋    [00:35<00:18]
Epoch [15/15]: [21/30]  70%|███████    [00:35<00:15]
Epoch [15/15]: [21/30]  70%|███████    [00:37<00:15]
Epoch [15/15]: [22/30]  73%|███████▎   [00:37<00:13]
Epoch [15/15]: [22/30]  73%|███████▎   [00:38<00:13]
Epoch [15/15]: [23/30]  77%|███████▋   [00:38<00:11]
Epoch [15/15]: [23/30]  77%|███████▋   [00:40<00:11]
Epoch [15/15]: [24/30]  80%|████████   [00:40<00:09]
Epoch [15/15]: [24/30]  80%|████████   [00:42<00:09]
Epoch [15/15]: [25/30]  83%|████████▎  [00:42<00:08]
Epoch [15/15]: [25/30]  83%|████████▎  [00:43<00:08]
Epoch [15/15]: [26/30]  87%|████████▋  [00:43<00:06]
Epoch [15/15]: [26/30]  87%|████████▋  [00:45<00:06]
Epoch [15/15]: [27/30]  90%|█████████  [00:45<00:05]
Epoch [15/15]: [27/30]  90%|█████████  [00:47<00:05]
Epoch [15/15]: [28/30]  93%|█████████▎ [00:47<00:03]
Epoch [15/15]: [28/30]  93%|█████████▎ [00:49<00:03]
Epoch [15/15]: [29/30]  97%|█████████▋ [00:49<00:01]
Epoch [15/15]: [29/30]  97%|█████████▋ [00:51<00:01]
Epoch [15/15]: [30/30] 100%|██████████ [00:51<00:00]
                                                    

[1/9]  11%|█          [00:00<?]
Iteration: [1/9]  11%|█          [00:00<?]
Iteration: [1/9]  11%|█          [00:00<?]
Iteration: [2/9]  22%|██▏        [00:00<00:02]
Iteration: [2/9]  22%|██▏        [00:00<00:02]
Iteration: [3/9]  33%|███▎       [00:00<00:02]
Iteration: [3/9]  33%|███▎       [00:01<00:02]
Iteration: [4/9]  44%|████▍      [00:01<00:01]
Iteration: [4/9]  44%|████▍      [00:01<00:01]
Iteration: [5/9]  56%|█████▌     [00:01<00:01]
Iteration: [5/9]  56%|█████▌     [00:01<00:01]
Iteration: [6/9]  67%|██████▋    [00:01<00:01]
Iteration: [6/9]  67%|██████▋    [00:02<00:01]
Iteration: [7/9]  78%|███████▊   [00:02<00:00]
Iteration: [7/9]  78%|███████▊   [00:02<00:00]
Iteration: [8/9]  89%|████████▉  [00:02<00:00]
Iteration: [8/9]  89%|████████▉  [00:02<00:00]
Iteration: [9/9] 100%|██████████ [00:02<00:00]
                                              
